Archive member included to satisfy reference by file (symbol)

/usr/share/gcc-arm-none-eabi-10-2020-q4-major/bin/../lib/gcc/arm-none-eabi/10.2.1/../../../../arm-none-eabi/lib/thumb/v7e-m+fp/hard/libc.a(lib_a-exit.o)
                              /usr/share/gcc-arm-none-eabi-10-2020-q4-major/bin/../lib/gcc/arm-none-eabi/10.2.1/../../../../arm-none-eabi/lib/thumb/v7e-m+fp/hard/crt0.o (exit)
/usr/share/gcc-arm-none-eabi-10-2020-q4-major/bin/../lib/gcc/arm-none-eabi/10.2.1/../../../../arm-none-eabi/lib/thumb/v7e-m+fp/hard/libc.a(lib_a-impure.o)
                              /usr/share/gcc-arm-none-eabi-10-2020-q4-major/bin/../lib/gcc/arm-none-eabi/10.2.1/../../../../arm-none-eabi/lib/thumb/v7e-m+fp/hard/libc.a(lib_a-exit.o) (_global_impure_ptr)
/usr/share/gcc-arm-none-eabi-10-2020-q4-major/bin/../lib/gcc/arm-none-eabi/10.2.1/../../../../arm-none-eabi/lib/thumb/v7e-m+fp/hard/libc.a(lib_a-init.o)
                              /usr/share/gcc-arm-none-eabi-10-2020-q4-major/bin/../lib/gcc/arm-none-eabi/10.2.1/../../../../arm-none-eabi/lib/thumb/v7e-m+fp/hard/crt0.o (__libc_init_array)
/usr/share/gcc-arm-none-eabi-10-2020-q4-major/bin/../lib/gcc/arm-none-eabi/10.2.1/../../../../arm-none-eabi/lib/thumb/v7e-m+fp/hard/libc.a(lib_a-memset.o)
                              /usr/share/gcc-arm-none-eabi-10-2020-q4-major/bin/../lib/gcc/arm-none-eabi/10.2.1/../../../../arm-none-eabi/lib/thumb/v7e-m+fp/hard/crt0.o (memset)
/usr/share/gcc-arm-none-eabi-10-2020-q4-major/bin/../lib/gcc/arm-none-eabi/10.2.1/../../../../arm-none-eabi/lib/thumb/v7e-m+fp/hard/libc.a(lib_a-__call_atexit.o)
                              /usr/share/gcc-arm-none-eabi-10-2020-q4-major/bin/../lib/gcc/arm-none-eabi/10.2.1/../../../../arm-none-eabi/lib/thumb/v7e-m+fp/hard/libc.a(lib_a-exit.o) (__call_exitprocs)
/usr/share/gcc-arm-none-eabi-10-2020-q4-major/bin/../lib/gcc/arm-none-eabi/10.2.1/../../../../arm-none-eabi/lib/thumb/v7e-m+fp/hard/libc.a(lib_a-atexit.o)
                              /usr/share/gcc-arm-none-eabi-10-2020-q4-major/bin/../lib/gcc/arm-none-eabi/10.2.1/../../../../arm-none-eabi/lib/thumb/v7e-m+fp/hard/libc.a(lib_a-__call_atexit.o) (atexit)
/usr/share/gcc-arm-none-eabi-10-2020-q4-major/bin/../lib/gcc/arm-none-eabi/10.2.1/../../../../arm-none-eabi/lib/thumb/v7e-m+fp/hard/libc.a(lib_a-fini.o)
                              /usr/share/gcc-arm-none-eabi-10-2020-q4-major/bin/../lib/gcc/arm-none-eabi/10.2.1/../../../../arm-none-eabi/lib/thumb/v7e-m+fp/hard/libc.a(lib_a-__call_atexit.o) (__libc_fini_array)
/usr/share/gcc-arm-none-eabi-10-2020-q4-major/bin/../lib/gcc/arm-none-eabi/10.2.1/../../../../arm-none-eabi/lib/thumb/v7e-m+fp/hard/libc.a(lib_a-lock.o)
                              /usr/share/gcc-arm-none-eabi-10-2020-q4-major/bin/../lib/gcc/arm-none-eabi/10.2.1/../../../../arm-none-eabi/lib/thumb/v7e-m+fp/hard/libc.a(lib_a-__call_atexit.o) (__retarget_lock_acquire_recursive)
/usr/share/gcc-arm-none-eabi-10-2020-q4-major/bin/../lib/gcc/arm-none-eabi/10.2.1/../../../../arm-none-eabi/lib/thumb/v7e-m+fp/hard/libc.a(lib_a-__atexit.o)
                              /usr/share/gcc-arm-none-eabi-10-2020-q4-major/bin/../lib/gcc/arm-none-eabi/10.2.1/../../../../arm-none-eabi/lib/thumb/v7e-m+fp/hard/libc.a(lib_a-atexit.o) (__register_exitproc)
/usr/share/gcc-arm-none-eabi-10-2020-q4-major/bin/../lib/gcc/arm-none-eabi/10.2.1/../../../../arm-none-eabi/lib/thumb/v7e-m+fp/hard/libnosys.a(_exit.o)
                              /usr/share/gcc-arm-none-eabi-10-2020-q4-major/bin/../lib/gcc/arm-none-eabi/10.2.1/../../../../arm-none-eabi/lib/thumb/v7e-m+fp/hard/libc.a(lib_a-exit.o) (_exit)
/usr/share/gcc-arm-none-eabi-10-2020-q4-major/bin/../lib/gcc/arm-none-eabi/10.2.1/../../../../arm-none-eabi/lib/thumb/v7e-m+fp/hard/libc_nano.a(lib_a-memcmp.o)
                              _build/build-bm68rgb_custom_rev1_THusb/flash_nrf5x.o (memcmp)
/usr/share/gcc-arm-none-eabi-10-2020-q4-major/bin/../lib/gcc/arm-none-eabi/10.2.1/../../../../arm-none-eabi/lib/thumb/v7e-m+fp/hard/libc_nano.a(lib_a-memcpy-stub.o)
                              _build/build-bm68rgb_custom_rev1_THusb/dfu_ble_svc.o (memcpy)
/usr/share/gcc-arm-none-eabi-10-2020-q4-major/bin/../lib/gcc/arm-none-eabi/10.2.1/../../../../arm-none-eabi/lib/thumb/v7e-m+fp/hard/libc_nano.a(lib_a-memmove.o)
                              _build/build-bm68rgb_custom_rev1_THusb/msc_device.o (memmove)
/usr/share/gcc-arm-none-eabi-10-2020-q4-major/bin/../lib/gcc/arm-none-eabi/10.2.1/../../../../arm-none-eabi/lib/thumb/v7e-m+fp/hard/libc_nano.a(lib_a-strcat.o)
                              _build/build-bm68rgb_custom_rev1_THusb/ghostfat.o (strcat)
/usr/share/gcc-arm-none-eabi-10-2020-q4-major/bin/../lib/gcc/arm-none-eabi/10.2.1/../../../../arm-none-eabi/lib/thumb/v7e-m+fp/hard/libc_nano.a(lib_a-strlen.o)
                              _build/build-bm68rgb_custom_rev1_THusb/dfu_transport_ble.o (strlen)
[...]
Memory Configuration

Name             Origin             Length             Attributes
FLASH            0x00000000000f4000 0x0000000000009800 xr
BOOTLOADER_CONFIG 0x00000000000fd800 0x0000000000000800 r
MBR_PARAMS_PAGE  0x00000000000fe000 0x0000000000001000 rw
BOOTLOADER_SETTINGS 0x00000000000ff000 0x0000000000001000 rw
RAM              0x0000000020008000 0x0000000000038000 xrw
DBL_RESET        0x0000000020007f7c 0x0000000000000004 xrw
NOINIT           0x0000000020007f80 0x0000000000000080 xrw
UICR_BOOTLOADER  0x0000000010001014 0x0000000000000004 r
UICR_MBR_PARAM_PAGE 0x0000000010001018 0x0000000000000004 r
*default*        0x0000000000000000 0xffffffffffffffff

Linker script and memory map

LOAD /usr/share/gcc-arm-none-eabi-10-2020-q4-major/bin/../lib/gcc/arm-none-eabi/10.2.1/thumb/v7e-m+fp/hard/crti.o
LOAD /usr/share/gcc-arm-none-eabi-10-2020-q4-major/bin/../lib/gcc/arm-none-eabi/10.2.1/thumb/v7e-m+fp/hard/crtbegin.o
LOAD /usr/share/gcc-arm-none-eabi-10-2020-q4-major/bin/../lib/gcc/arm-none-eabi/10.2.1/../../../../arm-none-eabi/lib/thumb/v7e-m+fp/hard/crt0.o
START GROUP
LOAD /usr/share/gcc-arm-none-eabi-10-2020-q4-major/bin/../lib/gcc/arm-none-eabi/10.2.1/thumb/v7e-m+fp/hard/libgcc.a
LOAD /usr/share/gcc-arm-none-eabi-10-2020-q4-major/bin/../lib/gcc/arm-none-eabi/10.2.1/../../../../arm-none-eabi/lib/thumb/v7e-m+fp/hard/libc.a
LOAD /usr/share/gcc-arm-none-eabi-10-2020-q4-major/bin/../lib/gcc/arm-none-eabi/10.2.1/../../../../arm-none-eabi/lib/thumb/v7e-m+fp/hard/libnosys.a
END GROUP

.fs_data_out    0x0000000000000000        0x0
                [!provide]                        PROVIDE (__start_fs_data = .)
 *(fs_data)
                [!provide]                        PROVIDE (__stop_fs_data = .)

.bootloaderConfig
                0x00000000000fd800       0x58
 *(.bootloaderConfig)
 .bootloaderConfig
                0x00000000000fd800       0x58 _build/build-bm68rgb_custom_rev1_THusb/pinconfig.o
                0x00000000000fd800                bootloaderConfig

.bootloaderSettings
                0x00000000000ff000     0x1000
 .bootloaderSettings
                0x00000000000ff000     0x1000 _build/build-bm68rgb_custom_rev1_THusb/bootloader_settings.o
                0x00000000000ff000                m_boot_settings

.uicrBootStartAddress
                0x0000000010001014        0x4
 *(.uicrBootStartAddress)
 .uicrBootStartAddress
                0x0000000010001014        0x4 _build/build-bm68rgb_custom_rev1_THusb/bootloader_settings.o
                0x0000000010001014                m_uicr_bootloader_start_address

.mbrParamsPage

.uicrMbrParamsPageAddress
                0x0000000010001018        0x4
 *(.uicrMbrParamsPageAddress)
 .uicrMbrParamsPageAddress
                0x0000000010001018        0x4 _build/build-bm68rgb_custom_rev1_THusb/bootloader_settings.o
                0x0000000010001018                m_uicr_mbr_params_page_address

.dbl_reset

.noinit         0x0000000020007f80       0x3e
 .noinit        0x0000000020007f80       0x3e _build/build-bm68rgb_custom_rev1_THusb/dfu_ble_svc.o

.text           0x00000000000f4000     0x7a74
 *(.isr_vector)
 .isr_vector    0x00000000000f4000      0x200 _build/build-bm68rgb_custom_rev1_THusb/gcc_startup_nrf52840.o
                0x00000000000f4000                __isr_vector
 *(.text*)
 .text          0x00000000000f4200       0x40 /usr/share/gcc-arm-none-eabi-10-2020-q4-major/bin/../lib/gcc/arm-none-eabi/10.2.1/thumb/v7e-m+fp/hard/crtbegin.o
 .text          0x00000000000f4240       0x7c /usr/share/gcc-arm-none-eabi-10-2020-q4-major/bin/../lib/gcc/arm-none-eabi/10.2.1/../../../../arm-none-eabi/lib/thumb/v7e-m+fp/hard/crt0.o
                0x00000000000f4240                _stack_init
                0x00000000000f4248                _mainCRTStartup
                0x00000000000f4248                _start
 .text.exit     0x00000000000f42bc       0x20 /usr/share/gcc-arm-none-eabi-10-2020-q4-major/bin/../lib/gcc/arm-none-eabi/10.2.1/../../../../arm-none-eabi/lib/thumb/v7e-m+fp/hard/libc.a(lib_a-exit.o)
                0x00000000000f42bc                exit
 .text.__libc_init_array
                0x00000000000f42dc       0x48 /usr/share/gcc-arm-none-eabi-10-2020-q4-major/bin/../lib/gcc/arm-none-eabi/10.2.1/../../../../arm-none-eabi/lib/thumb/v7e-m+fp/hard/libc.a(lib_a-init.o)
                0x00000000000f42dc                __libc_init_array
 .text.memset   0x00000000000f4324       0xa4 /usr/share/gcc-arm-none-eabi-10-2020-q4-major/bin/../lib/gcc/arm-none-eabi/10.2.1/../../../../arm-none-eabi/lib/thumb/v7e-m+fp/hard/libc.a(lib_a-memset.o)
                0x00000000000f4324                memset
 .text.startup.register_fini
                0x00000000000f43c8       0x14 /usr/share/gcc-arm-none-eabi-10-2020-q4-major/bin/../lib/gcc/arm-none-eabi/10.2.1/../../../../arm-none-eabi/lib/thumb/v7e-m+fp/hard/libc.a(lib_a-__call_atexit.o)
 .text.__call_exitprocs
                0x00000000000f43dc       0xcc /usr/share/gcc-arm-none-eabi-10-2020-q4-major/bin/../lib/gcc/arm-none-eabi/10.2.1/../../../../arm-none-eabi/lib/thumb/v7e-m+fp/hard/libc.a(lib_a-__call_atexit.o)
                0x00000000000f43dc                __call_exitprocs
 .text.atexit   0x00000000000f44a8        0xc /usr/share/gcc-arm-none-eabi-10-2020-q4-major/bin/../lib/gcc/arm-none-eabi/10.2.1/../../../../arm-none-eabi/lib/thumb/v7e-m+fp/hard/libc.a(lib_a-atexit.o)
                0x00000000000f44a8                atexit
 .text.__libc_fini_array
                0x00000000000f44b4       0x2c /usr/share/gcc-arm-none-eabi-10-2020-q4-major/bin/../lib/gcc/arm-none-eabi/10.2.1/../../../../arm-none-eabi/lib/thumb/v7e-m+fp/hard/libc.a(lib_a-fini.o)
                0x00000000000f44b4                __libc_fini_array
 .text.__retarget_lock_acquire_recursive
                0x00000000000f44e0        0x4 /usr/share/gcc-arm-none-eabi-10-2020-q4-major/bin/../lib/gcc/arm-none-eabi/10.2.1/../../../../arm-none-eabi/lib/thumb/v7e-m+fp/hard/libc.a(lib_a-lock.o)
                0x00000000000f44e0                __retarget_lock_acquire_recursive
 .text.__retarget_lock_release_recursive
                0x00000000000f44e4        0x4 /usr/share/gcc-arm-none-eabi-10-2020-q4-major/bin/../lib/gcc/arm-none-eabi/10.2.1/../../../../arm-none-eabi/lib/thumb/v7e-m+fp/hard/libc.a(lib_a-lock.o)
                0x00000000000f44e4                __retarget_lock_release_recursive
 .text.__register_exitproc
                0x00000000000f44e8       0x8c /usr/share/gcc-arm-none-eabi-10-2020-q4-major/bin/../lib/gcc/arm-none-eabi/10.2.1/../../../../arm-none-eabi/lib/thumb/v7e-m+fp/hard/libc.a(lib_a-__atexit.o)
                0x00000000000f44e8                __register_exitproc
 .text._exit    0x00000000000f4574        0x4 /usr/share/gcc-arm-none-eabi-10-2020-q4-major/bin/../lib/gcc/arm-none-eabi/10.2.1/../../../../arm-none-eabi/lib/thumb/v7e-m+fp/hard/libnosys.a(_exit.o)
                0x00000000000f4574                _exit
 .text.C_SVC_Handler
                0x00000000000f4578       0x4c _build/build-bm68rgb_custom_rev1_THusb/dfu_ble_svc.o
                0x00000000000f4578                C_SVC_Handler
 .text.SVC_Handler
                0x00000000000f45c4       0x24 _build/build-bm68rgb_custom_rev1_THusb/dfu_ble_svc.o
                0x00000000000f45c4                SVC_Handler
 .text.dfu_ble_peer_data_get
                0x00000000000f45e8       0x40 _build/build-bm68rgb_custom_rev1_THusb/dfu_ble_svc.o
                0x00000000000f45e8                dfu_ble_peer_data_get
 .text.dfu_init_prevalidate
                0x00000000000f4628       0x74 _build/build-bm68rgb_custom_rev1_THusb/dfu_init.o
                0x00000000000f4628                dfu_init_prevalidate
 .text.dfu_init_postvalidate
                0x00000000000f469c       0x1c _build/build-bm68rgb_custom_rev1_THusb/dfu_init.o
                0x00000000000f469c                dfu_init_postvalidate
 .text.flash_nrf5x_flush
                0x00000000000f46b8       0x3c _build/build-bm68rgb_custom_rev1_THusb/flash_nrf5x.o
                0x00000000000f46b8                flash_nrf5x_flush
 .text.flash_nrf5x_write
                0x00000000000f46f4       0x50 _build/build-bm68rgb_custom_rev1_THusb/flash_nrf5x.o
                0x00000000000f46f4                flash_nrf5x_write
 .text.NVIC_SystemReset
                0x00000000000f4744       0x24 _build/build-bm68rgb_custom_rev1_THusb/main.o
 .text.sd_evt_get
                0x00000000000f4768        0x4 _build/build-bm68rgb_custom_rev1_THusb/main.o
 .text.sd_softdevice_enable
                0x00000000000f476c        0x4 _build/build-bm68rgb_custom_rev1_THusb/main.o
 .text.sd_softdevice_disable
                0x00000000000f4770        0x4 _build/build-bm68rgb_custom_rev1_THusb/main.o
 .text.sd_softdevice_vector_table_base_set
                0x00000000000f4774        0x4 _build/build-bm68rgb_custom_rev1_THusb/main.o
 .text.sd_mbr_command
                0x00000000000f4778        0x4 _build/build-bm68rgb_custom_rev1_THusb/main.o
 .text.sd_ble_enable
                0x00000000000f477c        0x4 _build/build-bm68rgb_custom_rev1_THusb/main.o
 .text.sd_ble_cfg_set
                0x00000000000f4780        0x4 _build/build-bm68rgb_custom_rev1_THusb/main.o
 .text.sd_ble_evt_get
                0x00000000000f4784        0x4 _build/build-bm68rgb_custom_rev1_THusb/main.o
 .text.mbr_init_sd
                0x00000000000f4788       0x1a _build/build-bm68rgb_custom_rev1_THusb/main.o
 .text.app_error_fault_handler
                0x00000000000f47a2       0x14 _build/build-bm68rgb_custom_rev1_THusb/main.o
                0x00000000000f47a2                app_error_fault_handler
 *fill*         0x00000000000f47b6        0x2 
 .text.is_ota   0x00000000000f47b8        0xc _build/build-bm68rgb_custom_rev1_THusb/main.o
                0x00000000000f47b8                is_ota
 .text.startup.main
                0x00000000000f47c4      0x324 _build/build-bm68rgb_custom_rev1_THusb/main.o
                0x00000000000f47c4                main
 .text.proc_ble
                0x00000000000f4ae8       0x54 _build/build-bm68rgb_custom_rev1_THusb/main.o
                0x00000000000f4ae8                proc_ble
 .text.proc_soc
                0x00000000000f4b3c       0x38 _build/build-bm68rgb_custom_rev1_THusb/main.o
                0x00000000000f4b3c                proc_soc
 .text.proc_sd_task
                0x00000000000f4b74       0x14 _build/build-bm68rgb_custom_rev1_THusb/main.o
                0x00000000000f4b74                proc_sd_task
 .text.SWI2_EGU2_IRQHandler
                0x00000000000f4b88       0x10 _build/build-bm68rgb_custom_rev1_THusb/main.o
                0x00000000000f4b88                SWI2_EGU2_IRQHandler
 .text.button_init
                0x00000000000f4b98       0x24 _build/build-bm68rgb_custom_rev1_THusb/boards.o
                0x00000000000f4b98                button_init
 .text.button_pressed
                0x00000000000f4bbc       0x24 _build/build-bm68rgb_custom_rev1_THusb/boards.o
                0x00000000000f4bbc                button_pressed
 .text.pwm_teardown
                0x00000000000f4be0       0x3e _build/build-bm68rgb_custom_rev1_THusb/boards.o
                0x00000000000f4be0                pwm_teardown
 *fill*         0x00000000000f4c1e        0x2 
 .text.led_pwm_init
                0x00000000000f4c20       0x7c _build/build-bm68rgb_custom_rev1_THusb/boards.o
                0x00000000000f4c20                led_pwm_init
 .text.board_init
                0x00000000000f4c9c       0x8c _build/build-bm68rgb_custom_rev1_THusb/boards.o
                0x00000000000f4c9c                board_init
 .text.led_pwm_teardown
                0x00000000000f4d28        0xc _build/build-bm68rgb_custom_rev1_THusb/boards.o
                0x00000000000f4d28                led_pwm_teardown
 .text.board_teardown
                0x00000000000f4d34       0x68 _build/build-bm68rgb_custom_rev1_THusb/boards.o
                0x00000000000f4d34                board_teardown
 .text.led_pwm_duty_cycle
                0x00000000000f4d9c       0x28 _build/build-bm68rgb_custom_rev1_THusb/boards.o
                0x00000000000f4d9c                led_pwm_duty_cycle
 .text.led_tick
                0x00000000000f4dc4       0x6c _build/build-bm68rgb_custom_rev1_THusb/boards.o
                0x00000000000f4dc4                led_tick
 .text.SysTick_Handler
                0x00000000000f4e30       0x10 _build/build-bm68rgb_custom_rev1_THusb/boards.o
                0x00000000000f4e30                SysTick_Handler
 .text.led_state
                0x00000000000f4e40       0x7c _build/build-bm68rgb_custom_rev1_THusb/boards.o
                0x00000000000f4e40                led_state
 .text.nrf_power_event_get_and_clear.constprop.0
                0x00000000000f4ebc       0x20 _build/build-bm68rgb_custom_rev1_THusb/nrfx_power.o
 .text.nrfx_power_init
                0x00000000000f4edc       0x50 _build/build-bm68rgb_custom_rev1_THusb/nrfx_power.o
                0x00000000000f4edc                nrfx_power_init
 .text.nrfx_power_usbevt_init
                0x00000000000f4f2c        0xc _build/build-bm68rgb_custom_rev1_THusb/nrfx_power.o
                0x00000000000f4f2c                nrfx_power_usbevt_init
 .text.nrfx_power_usbevt_enable
                0x00000000000f4f38        0xe _build/build-bm68rgb_custom_rev1_THusb/nrfx_power.o
                0x00000000000f4f38                nrfx_power_usbevt_enable
 *fill*         0x00000000000f4f46        0x2 
 .text.POWER_CLOCK_IRQHandler
                0x00000000000f4f48       0xa0 _build/build-bm68rgb_custom_rev1_THusb/nrfx_power.o
                0x00000000000f4f48                POWER_CLOCK_IRQHandler
 .text.nvmc_word_write
                0x00000000000f4fe8       0x18 _build/build-bm68rgb_custom_rev1_THusb/nrfx_nvmc.o
 .text.nrfx_nvmc_page_erase
                0x00000000000f5000       0x40 _build/build-bm68rgb_custom_rev1_THusb/nrfx_nvmc.o
                0x00000000000f5000                nrfx_nvmc_page_erase
 .text.nrfx_nvmc_words_write
                0x00000000000f5040       0x34 _build/build-bm68rgb_custom_rev1_THusb/nrfx_nvmc.o
                0x00000000000f5040                nrfx_nvmc_words_write
 .text.NVIC_SystemReset
                0x00000000000f5074       0x24 _build/build-bm68rgb_custom_rev1_THusb/system_nrf52840.o
 .text.errata_98
                0x00000000000f5098       0x24 _build/build-bm68rgb_custom_rev1_THusb/system_nrf52840.o
 .text.SystemInit
                0x00000000000f50bc      0x1f8 _build/build-bm68rgb_custom_rev1_THusb/system_nrf52840.o
                0x00000000000f50bc                SystemInit
 .text.sd_softdevice_vector_table_base_set
                0x00000000000f52b4        0x4 _build/build-bm68rgb_custom_rev1_THusb/bootloader.o
 .text.sd_mbr_command
                0x00000000000f52b8        0x4 _build/build-bm68rgb_custom_rev1_THusb/bootloader.o
 .text.pstorage_callback_handler
                0x00000000000f52bc       0x20 _build/build-bm68rgb_custom_rev1_THusb/bootloader.o
 .text.bootloader_settings_save.constprop.0
                0x00000000000f52dc       0x5c _build/build-bm68rgb_custom_rev1_THusb/bootloader.o
 .text.wait_for_events
                0x00000000000f5338       0x58 _build/build-bm68rgb_custom_rev1_THusb/bootloader.o
 .text.bootloader_app_is_valid
                0x00000000000f5390       0x54 _build/build-bm68rgb_custom_rev1_THusb/bootloader.o
                0x00000000000f5390                bootloader_app_is_valid
 .text.bootloader_dfu_update_process
                0x00000000000f53e4      0x10c _build/build-bm68rgb_custom_rev1_THusb/bootloader.o
                0x00000000000f53e4                bootloader_dfu_update_process
 .text.dfu_startup_timer_handler
                0x00000000000f54f0       0x3c _build/build-bm68rgb_custom_rev1_THusb/bootloader.o
 .text.bootloader_init
                0x00000000000f552c       0x30 _build/build-bm68rgb_custom_rev1_THusb/bootloader.o
                0x00000000000f552c                bootloader_init
 .text.bootloader_dfu_start
                0x00000000000f555c       0x78 _build/build-bm68rgb_custom_rev1_THusb/bootloader.o
                0x00000000000f555c                bootloader_dfu_start
 .text.bootloader_app_start
                0x00000000000f55d4       0x58 _build/build-bm68rgb_custom_rev1_THusb/bootloader.o
                0x00000000000f55d4                bootloader_app_start
 .text.bootloader_dfu_sd_in_progress
                0x00000000000f562c       0x24 _build/build-bm68rgb_custom_rev1_THusb/bootloader.o
                0x00000000000f562c                bootloader_dfu_sd_in_progress
 .text.bootloader_dfu_sd_update_continue
                0x00000000000f5650       0x4c _build/build-bm68rgb_custom_rev1_THusb/bootloader.o
                0x00000000000f5650                bootloader_dfu_sd_update_continue
 .text.bootloader_dfu_sd_update_finalize
                0x00000000000f569c       0x2c _build/build-bm68rgb_custom_rev1_THusb/bootloader.o
                0x00000000000f569c                bootloader_dfu_sd_update_finalize
 .text.bootloader_settings_get
                0x00000000000f56c8       0x30 _build/build-bm68rgb_custom_rev1_THusb/bootloader.o
                0x00000000000f56c8                bootloader_settings_get
 .text.bootloader_util_settings_get
                0x00000000000f56f8        0xc _build/build-bm68rgb_custom_rev1_THusb/bootloader_settings.o
                0x00000000000f56f8                bootloader_util_settings_get
 .text.bootloader_util_reset
                0x00000000000f5704       0x3c _build/build-bm68rgb_custom_rev1_THusb/bootloader_util.o
 .text.bootloader_util_app_start
                0x00000000000f5740        0x4 _build/build-bm68rgb_custom_rev1_THusb/bootloader_util.o
                0x00000000000f5740                bootloader_util_app_start
 .text.rpc_transport_event_handler
                0x00000000000f5744       0x84 _build/build-bm68rgb_custom_rev1_THusb/dfu_transport_serial.o
                0x00000000000f5744                rpc_transport_event_handler
 .text.dfu_cb_handler
                0x00000000000f57c8        0xa _build/build-bm68rgb_custom_rev1_THusb/dfu_transport_serial.o
 *fill*         0x00000000000f57d2        0x2 
 .text.data_queue_element_free
                0x00000000000f57d4       0x38 _build/build-bm68rgb_custom_rev1_THusb/dfu_transport_serial.o
 .text.process_dfu_packet
                0x00000000000f580c       0x90 _build/build-bm68rgb_custom_rev1_THusb/dfu_transport_serial.o
 .text.dfu_transport_serial_update_start
                0x00000000000f589c       0x48 _build/build-bm68rgb_custom_rev1_THusb/dfu_transport_serial.o
                0x00000000000f589c                dfu_transport_serial_update_start
 .text.dfu_transport_serial_close
                0x00000000000f58e4       0x22 _build/build-bm68rgb_custom_rev1_THusb/dfu_transport_serial.o
                0x00000000000f58e4                dfu_transport_serial_close
 .text.uint32_decode
                0x00000000000f5906        0x4 _build/build-bm68rgb_custom_rev1_THusb/dfu_transport_ble.o
 .text.sd_ble_gap_addr_set
                0x00000000000f590a        0x4 _build/build-bm68rgb_custom_rev1_THusb/dfu_transport_ble.o
 .text.sd_ble_gap_addr_get
                0x00000000000f590e        0x4 _build/build-bm68rgb_custom_rev1_THusb/dfu_transport_ble.o
 .text.sd_ble_gap_whitelist_set
                0x00000000000f5912        0x4 _build/build-bm68rgb_custom_rev1_THusb/dfu_transport_ble.o
 .text.sd_ble_gap_device_identities_set
                0x00000000000f5916        0x4 _build/build-bm68rgb_custom_rev1_THusb/dfu_transport_ble.o
 .text.sd_ble_gap_adv_set_configure
                0x00000000000f591a        0x4 _build/build-bm68rgb_custom_rev1_THusb/dfu_transport_ble.o
 .text.sd_ble_gap_adv_start
                0x00000000000f591e        0x4 _build/build-bm68rgb_custom_rev1_THusb/dfu_transport_ble.o
 .text.sd_ble_gap_adv_stop
                0x00000000000f5922        0x4 _build/build-bm68rgb_custom_rev1_THusb/dfu_transport_ble.o
 .text.sd_ble_gap_disconnect
                0x00000000000f5926        0x4 _build/build-bm68rgb_custom_rev1_THusb/dfu_transport_ble.o
 .text.sd_ble_gap_tx_power_set
                0x00000000000f592a        0x4 _build/build-bm68rgb_custom_rev1_THusb/dfu_transport_ble.o
 .text.sd_ble_gap_ppcp_set
                0x00000000000f592e        0x4 _build/build-bm68rgb_custom_rev1_THusb/dfu_transport_ble.o
 .text.sd_ble_gap_device_name_set
                0x00000000000f5932        0x4 _build/build-bm68rgb_custom_rev1_THusb/dfu_transport_ble.o
 .text.sd_ble_gap_sec_params_reply
                0x00000000000f5936        0x4 _build/build-bm68rgb_custom_rev1_THusb/dfu_transport_ble.o
 .text.sd_ble_gap_sec_info_reply
                0x00000000000f593a        0x4 _build/build-bm68rgb_custom_rev1_THusb/dfu_transport_ble.o
 .text.sd_ble_gap_phy_update
                0x00000000000f593e        0x4 _build/build-bm68rgb_custom_rev1_THusb/dfu_transport_ble.o
 .text.sd_ble_gap_data_length_update
                0x00000000000f5942        0x4 _build/build-bm68rgb_custom_rev1_THusb/dfu_transport_ble.o
 .text.sd_ble_gatts_service_changed
                0x00000000000f5946        0x4 _build/build-bm68rgb_custom_rev1_THusb/dfu_transport_ble.o
 .text.sd_ble_gatts_rw_authorize_reply
                0x00000000000f594a        0x4 _build/build-bm68rgb_custom_rev1_THusb/dfu_transport_ble.o
 .text.sd_ble_gatts_sys_attr_set
                0x00000000000f594e        0x4 _build/build-bm68rgb_custom_rev1_THusb/dfu_transport_ble.o
 .text.sd_ble_gatts_sys_attr_get
                0x00000000000f5952        0x4 _build/build-bm68rgb_custom_rev1_THusb/dfu_transport_ble.o
 .text.sd_ble_gatts_exchange_mtu_reply
                0x00000000000f5956        0x4 _build/build-bm68rgb_custom_rev1_THusb/dfu_transport_ble.o
 .text.sd_ble_uuid_encode
                0x00000000000f595a        0x4 _build/build-bm68rgb_custom_rev1_THusb/dfu_transport_ble.o
 .text.sd_ble_user_mem_reply
                0x00000000000f595e        0x4 _build/build-bm68rgb_custom_rev1_THusb/dfu_transport_ble.o
 .text.nrf_err_code_translate
                0x00000000000f5962       0x34 _build/build-bm68rgb_custom_rev1_THusb/dfu_transport_ble.o
 .text.service_error_handler
                0x00000000000f5996        0x4 _build/build-bm68rgb_custom_rev1_THusb/dfu_transport_ble.o
 .text.dfu_error_notify
                0x00000000000f599a       0x20 _build/build-bm68rgb_custom_rev1_THusb/dfu_transport_ble.o
 *fill*         0x00000000000f59ba        0x2 
 .text.dfu_cb_handler
                0x00000000000f59bc       0x68 _build/build-bm68rgb_custom_rev1_THusb/dfu_transport_ble.o
 .text.advertising_add.constprop.0
                0x00000000000f5a24       0x30 _build/build-bm68rgb_custom_rev1_THusb/dfu_transport_ble.o
 .text.advertising_start
                0x00000000000f5a54      0x16c _build/build-bm68rgb_custom_rev1_THusb/dfu_transport_ble.o
 .text.ble_evt_dispatch
                0x00000000000f5bc0      0x2d4 _build/build-bm68rgb_custom_rev1_THusb/dfu_transport_ble.o
                0x00000000000f5bc0                ble_evt_dispatch
 .text.dfu_transport_ble_update_start
                0x00000000000f5e94      0x154 _build/build-bm68rgb_custom_rev1_THusb/dfu_transport_ble.o
                0x00000000000f5e94                dfu_transport_ble_update_start
 .text.dfu_transport_ble_close
                0x00000000000f5fe8       0x50 _build/build-bm68rgb_custom_rev1_THusb/dfu_transport_ble.o
                0x00000000000f5fe8                dfu_transport_ble_close
 .text.on_dfu_evt
                0x00000000000f6038      0x268 _build/build-bm68rgb_custom_rev1_THusb/dfu_transport_ble.o
 .text.sd_mbr_command
                0x00000000000f62a0        0x4 _build/build-bm68rgb_custom_rev1_THusb/dfu_single_bank.o
 .text.pstorage_callback_handler
                0x00000000000f62a4       0x68 _build/build-bm68rgb_custom_rev1_THusb/dfu_single_bank.o
 .text.dfu_activate_app
                0x00000000000f630c       0x40 _build/build-bm68rgb_custom_rev1_THusb/dfu_single_bank.o
 .text.dfu_activate_bl
                0x00000000000f634c       0x3c _build/build-bm68rgb_custom_rev1_THusb/dfu_single_bank.o
 .text.dfu_activate_sd
                0x00000000000f6388       0x54 _build/build-bm68rgb_custom_rev1_THusb/dfu_single_bank.o
 .text.dfu_cleared_func_app
                0x00000000000f63dc       0x26 _build/build-bm68rgb_custom_rev1_THusb/dfu_single_bank.o
 *fill*         0x00000000000f6402        0x2 
 .text.dfu_prepare_func_app_erase
                0x00000000000f6404       0x7c _build/build-bm68rgb_custom_rev1_THusb/dfu_single_bank.o
 .text.dfu_sd_img_block_swap
                0x00000000000f6480       0x5c _build/build-bm68rgb_custom_rev1_THusb/dfu_single_bank.o
 .text.dfu_init
                0x00000000000f64dc       0x64 _build/build-bm68rgb_custom_rev1_THusb/dfu_single_bank.o
                0x00000000000f64dc                dfu_init
 .text.dfu_register_callback
                0x00000000000f6540        0xc _build/build-bm68rgb_custom_rev1_THusb/dfu_single_bank.o
                0x00000000000f6540                dfu_register_callback
 .text.dfu_start_pkt_handle
                0x00000000000f654c       0xb4 _build/build-bm68rgb_custom_rev1_THusb/dfu_single_bank.o
                0x00000000000f654c                dfu_start_pkt_handle
 .text.dfu_data_pkt_handle
                0x00000000000f6600       0xd8 _build/build-bm68rgb_custom_rev1_THusb/dfu_single_bank.o
                0x00000000000f6600                dfu_data_pkt_handle
 .text.dfu_init_pkt_complete
                0x00000000000f66d8       0x44 _build/build-bm68rgb_custom_rev1_THusb/dfu_single_bank.o
                0x00000000000f66d8                dfu_init_pkt_complete
 .text.dfu_init_pkt_handle
                0x00000000000f671c       0x58 _build/build-bm68rgb_custom_rev1_THusb/dfu_single_bank.o
                0x00000000000f671c                dfu_init_pkt_handle
 .text.dfu_image_validate
                0x00000000000f6774       0x40 _build/build-bm68rgb_custom_rev1_THusb/dfu_single_bank.o
                0x00000000000f6774                dfu_image_validate
 .text.dfu_image_activate
                0x00000000000f67b4       0x1c _build/build-bm68rgb_custom_rev1_THusb/dfu_single_bank.o
                0x00000000000f67b4                dfu_image_activate
 .text.dfu_reset
                0x00000000000f67d0       0x1c _build/build-bm68rgb_custom_rev1_THusb/dfu_single_bank.o
                0x00000000000f67d0                dfu_reset
 .text.dfu_sd_image_swap
                0x00000000000f67ec       0x98 _build/build-bm68rgb_custom_rev1_THusb/dfu_single_bank.o
                0x00000000000f67ec                dfu_sd_image_swap
 .text.dfu_bl_image_swap
                0x00000000000f6884       0x48 _build/build-bm68rgb_custom_rev1_THusb/dfu_single_bank.o
                0x00000000000f6884                dfu_bl_image_swap
 .text.dfu_bl_image_validate
                0x00000000000f68cc       0x4c _build/build-bm68rgb_custom_rev1_THusb/dfu_single_bank.o
                0x00000000000f68cc                dfu_bl_image_validate
 .text.dfu_sd_image_validate
                0x00000000000f6918       0x64 _build/build-bm68rgb_custom_rev1_THusb/dfu_single_bank.o
                0x00000000000f6918                dfu_sd_image_validate
 .text.sd_ble_gatts_service_add
                0x00000000000f697c        0x4 _build/build-bm68rgb_custom_rev1_THusb/ble_dfu.o
 .text.sd_ble_gatts_characteristic_add
                0x00000000000f6980        0x4 _build/build-bm68rgb_custom_rev1_THusb/ble_dfu.o
 .text.sd_ble_gatts_value_get
                0x00000000000f6984        0x4 _build/build-bm68rgb_custom_rev1_THusb/ble_dfu.o
 .text.sd_ble_gatts_hvx
                0x00000000000f6988        0x4 _build/build-bm68rgb_custom_rev1_THusb/ble_dfu.o
 .text.sd_ble_gatts_rw_authorize_reply
                0x00000000000f698c        0x4 _build/build-bm68rgb_custom_rev1_THusb/ble_dfu.o
 .text.sd_ble_uuid_vs_add
                0x00000000000f6990        0x4 _build/build-bm68rgb_custom_rev1_THusb/ble_dfu.o
 .text.ble_dfu_init
                0x00000000000f6994      0x220 _build/build-bm68rgb_custom_rev1_THusb/ble_dfu.o
                0x00000000000f6994                ble_dfu_init
 .text.ble_dfu_bytes_rcvd_report
                0x00000000000f6bb4       0x78 _build/build-bm68rgb_custom_rev1_THusb/ble_dfu.o
                0x00000000000f6bb4                ble_dfu_bytes_rcvd_report
 .text.ble_dfu_pkts_rcpt_notify
                0x00000000000f6c2c       0x74 _build/build-bm68rgb_custom_rev1_THusb/ble_dfu.o
                0x00000000000f6c2c                ble_dfu_pkts_rcpt_notify
 .text.ble_dfu_response_send
                0x00000000000f6ca0       0x68 _build/build-bm68rgb_custom_rev1_THusb/ble_dfu.o
                0x00000000000f6ca0                ble_dfu_response_send
 .text.ble_dfu_on_ble_evt
                0x00000000000f6d08      0x174 _build/build-bm68rgb_custom_rev1_THusb/ble_dfu.o
                0x00000000000f6d08                ble_dfu_on_ble_evt
 .text.sd_ble_gatts_service_add
                0x00000000000f6e7c        0x4 _build/build-bm68rgb_custom_rev1_THusb/ble_dis.o
 .text.sd_ble_gatts_characteristic_add
                0x00000000000f6e80        0x4 _build/build-bm68rgb_custom_rev1_THusb/ble_dis.o
 .text.char_add
                0x00000000000f6e84       0xac _build/build-bm68rgb_custom_rev1_THusb/ble_dis.o
 .text.ble_dis_init
                0x00000000000f6f30       0xcc _build/build-bm68rgb_custom_rev1_THusb/ble_dis.o
                0x00000000000f6f30                ble_dis_init
 .text.sd_flash_write
                0x00000000000f6ffc        0x4 _build/build-bm68rgb_custom_rev1_THusb/pstorage_raw.o
 .text.sd_flash_page_erase
                0x00000000000f7000        0x4 _build/build-bm68rgb_custom_rev1_THusb/pstorage_raw.o
 .text.cmd_queue_element_init
                0x00000000000f7004       0x20 _build/build-bm68rgb_custom_rev1_THusb/pstorage_raw.o
 .text.app_notify
                0x00000000000f7024       0x24 _build/build-bm68rgb_custom_rev1_THusb/pstorage_raw.o
 .text.cmd_process
                0x00000000000f7048       0x70 _build/build-bm68rgb_custom_rev1_THusb/pstorage_raw.o
 .text.cmd_queue_enqueue
                0x00000000000f70b8       0x54 _build/build-bm68rgb_custom_rev1_THusb/pstorage_raw.o
 .text.pstorage_sys_event_handler
                0x00000000000f710c       0x98 _build/build-bm68rgb_custom_rev1_THusb/pstorage_raw.o
                0x00000000000f710c                pstorage_sys_event_handler
 .text.pstorage_init
                0x00000000000f71a4       0x3c _build/build-bm68rgb_custom_rev1_THusb/pstorage_raw.o
                0x00000000000f71a4                pstorage_init
 .text.pstorage_register
                0x00000000000f71e0       0x24 _build/build-bm68rgb_custom_rev1_THusb/pstorage_raw.o
                0x00000000000f71e0                pstorage_register
 .text.pstorage_store
                0x00000000000f7204       0x20 _build/build-bm68rgb_custom_rev1_THusb/pstorage_raw.o
                0x00000000000f7204                pstorage_store
 .text.pstorage_clear
                0x00000000000f7224       0x16 _build/build-bm68rgb_custom_rev1_THusb/pstorage_raw.o
                0x00000000000f7224                pstorage_clear
 *fill*         0x00000000000f723a        0x2 
 .text.user_op_alloc
                0x00000000000f723c       0x2c _build/build-bm68rgb_custom_rev1_THusb/app_timer.o
 .text.timeout_handler_scheduled_exec
                0x00000000000f7268       0x18 _build/build-bm68rgb_custom_rev1_THusb/app_timer.o
 .text.timer_stop_op_schedule
                0x00000000000f7280       0x50 _build/build-bm68rgb_custom_rev1_THusb/app_timer.o
 .text.nrf_delay_us.part.0.constprop.0
                0x00000000000f72d0       0x8c _build/build-bm68rgb_custom_rev1_THusb/app_timer.o
 .text.rtc1_stop
                0x00000000000f735c       0x44 _build/build-bm68rgb_custom_rev1_THusb/app_timer.o
 .text.RTC1_IRQHandler
                0x00000000000f73a0       0xbc _build/build-bm68rgb_custom_rev1_THusb/app_timer.o
                0x00000000000f73a0                RTC1_IRQHandler
 .text.SWI0_EGU0_IRQHandler
                0x00000000000f745c      0x2d4 _build/build-bm68rgb_custom_rev1_THusb/app_timer.o
                0x00000000000f745c                SWI0_EGU0_IRQHandler
 .text.app_timer_init
                0x00000000000f7730       0x60 _build/build-bm68rgb_custom_rev1_THusb/app_timer.o
                0x00000000000f7730                app_timer_init
 .text.app_timer_create
                0x00000000000f7790       0x24 _build/build-bm68rgb_custom_rev1_THusb/app_timer.o
                0x00000000000f7790                app_timer_create
 .text.app_timer_start
                0x00000000000f77b4       0x90 _build/build-bm68rgb_custom_rev1_THusb/app_timer.o
                0x00000000000f77b4                app_timer_start
 .text.app_timer_stop
                0x00000000000f7844       0x20 _build/build-bm68rgb_custom_rev1_THusb/app_timer.o
                0x00000000000f7844                app_timer_stop
 .text.app_sched_init
                0x00000000000f7864       0x48 _build/build-bm68rgb_custom_rev1_THusb/app_scheduler.o
                0x00000000000f7864                app_sched_init
 .text.app_sched_event_put
                0x00000000000f78ac       0xd0 _build/build-bm68rgb_custom_rev1_THusb/app_scheduler.o
                0x00000000000f78ac                app_sched_event_put
 .text.app_sched_execute
                0x00000000000f797c       0x5c _build/build-bm68rgb_custom_rev1_THusb/app_scheduler.o
                0x00000000000f797c                app_sched_execute
 .text.app_error_handler_bare
                0x00000000000f79d8       0x1c _build/build-bm68rgb_custom_rev1_THusb/app_error.o
                0x00000000000f79d8                app_error_handler_bare
 .text.app_util_critical_region_enter
                0x00000000000f79f4       0x48 _build/build-bm68rgb_custom_rev1_THusb/app_util_platform.o
                0x00000000000f79f4                app_util_critical_region_enter
 .text.app_util_critical_region_exit
                0x00000000000f7a3c       0x2c _build/build-bm68rgb_custom_rev1_THusb/app_util_platform.o
                0x00000000000f7a3c                app_util_critical_region_exit
 .text.crc16_compute
                0x00000000000f7a68       0x36 _build/build-bm68rgb_custom_rev1_THusb/crc16.o
                0x00000000000f7a68                crc16_compute
 *fill*         0x00000000000f7a9e        0x2 
 .text.hci_mem_pool_open
                0x00000000000f7aa0       0x28 _build/build-bm68rgb_custom_rev1_THusb/hci_mem_pool.o
                0x00000000000f7aa0                hci_mem_pool_open
 .text.hci_mem_pool_close
                0x00000000000f7ac8        0x4 _build/build-bm68rgb_custom_rev1_THusb/hci_mem_pool.o
                0x00000000000f7ac8                hci_mem_pool_close
 .text.hci_mem_pool_rx_produce
                0x00000000000f7acc       0x54 _build/build-bm68rgb_custom_rev1_THusb/hci_mem_pool.o
                0x00000000000f7acc                hci_mem_pool_rx_produce
 .text.hci_mem_pool_rx_consume
                0x00000000000f7b20       0x78 _build/build-bm68rgb_custom_rev1_THusb/hci_mem_pool.o
                0x00000000000f7b20                hci_mem_pool_rx_consume
 .text.hci_mem_pool_rx_data_size_set
                0x00000000000f7b98       0x20 _build/build-bm68rgb_custom_rev1_THusb/hci_mem_pool.o
                0x00000000000f7b98                hci_mem_pool_rx_data_size_set
 .text.hci_mem_pool_rx_extract
                0x00000000000f7bb8       0x44 _build/build-bm68rgb_custom_rev1_THusb/hci_mem_pool.o
                0x00000000000f7bb8                hci_mem_pool_rx_extract
 .text.handle_slip_end
                0x00000000000f7bfc       0x40 _build/build-bm68rgb_custom_rev1_THusb/hci_slip.o
 .text.handle_rx_byte_esc
                0x00000000000f7c3c       0x5c _build/build-bm68rgb_custom_rev1_THusb/hci_slip.o
 .text.handle_rx_byte_wait_start
                0x00000000000f7c98       0x14 _build/build-bm68rgb_custom_rev1_THusb/hci_slip.o
 .text.handle_rx_byte_default
                0x00000000000f7cac       0x40 _build/build-bm68rgb_custom_rev1_THusb/hci_slip.o
 .text.serial_put
                0x00000000000f7cec       0x20 _build/build-bm68rgb_custom_rev1_THusb/hci_slip.o
 .text.send_tx_byte_default
                0x00000000000f7d0c       0x24 _build/build-bm68rgb_custom_rev1_THusb/hci_slip.o
 .text.send_tx_byte_end
                0x00000000000f7d30       0x24 _build/build-bm68rgb_custom_rev1_THusb/hci_slip.o
 .text.send_tx_byte_esc
                0x00000000000f7d54       0x1c _build/build-bm68rgb_custom_rev1_THusb/hci_slip.o
 .text.send_tx_byte_encoded
                0x00000000000f7d70       0x44 _build/build-bm68rgb_custom_rev1_THusb/hci_slip.o
 .text.tud_cdc_rx_cb
                0x00000000000f7db4       0x78 _build/build-bm68rgb_custom_rev1_THusb/hci_slip.o
                0x00000000000f7db4                tud_cdc_rx_cb
 .text.hci_slip_evt_handler_register
                0x00000000000f7e2c        0xc _build/build-bm68rgb_custom_rev1_THusb/hci_slip.o
                0x00000000000f7e2c                hci_slip_evt_handler_register
 .text.hci_slip_open
                0x00000000000f7e38       0x14 _build/build-bm68rgb_custom_rev1_THusb/hci_slip.o
                0x00000000000f7e38                hci_slip_open
 .text.hci_slip_close
                0x00000000000f7e4c        0xc _build/build-bm68rgb_custom_rev1_THusb/hci_slip.o
                0x00000000000f7e4c                hci_slip_close
 .text.hci_slip_write
                0x00000000000f7e58       0xd8 _build/build-bm68rgb_custom_rev1_THusb/hci_slip.o
                0x00000000000f7e58                hci_slip_write
 .text.hci_slip_rx_buffer_register
                0x00000000000f7f30       0x2c _build/build-bm68rgb_custom_rev1_THusb/hci_slip.o
                0x00000000000f7f30                hci_slip_rx_buffer_register
 .text.ack_transmit
                0x00000000000f7f5c       0x24 _build/build-bm68rgb_custom_rev1_THusb/hci_transport.o
 .text.tx_sm_event_handle
                0x00000000000f7f80       0xd0 _build/build-bm68rgb_custom_rev1_THusb/hci_transport.o
 .text.slip_event_handle
                0x00000000000f8050      0x198 _build/build-bm68rgb_custom_rev1_THusb/hci_transport.o
                0x00000000000f8050                slip_event_handle
 .text.hci_transport_timeout_handle
                0x00000000000f81e8        0x6 _build/build-bm68rgb_custom_rev1_THusb/hci_transport.o
                0x00000000000f81e8                hci_transport_timeout_handle
 *fill*         0x00000000000f81ee        0x2 
 .text.hci_transport_evt_handler_reg
                0x00000000000f81f0       0x28 _build/build-bm68rgb_custom_rev1_THusb/hci_transport.o
                0x00000000000f81f0                hci_transport_evt_handler_reg
 .text.hci_transport_open
                0x00000000000f8218       0x90 _build/build-bm68rgb_custom_rev1_THusb/hci_transport.o
                0x00000000000f8218                hci_transport_open
 .text.hci_transport_close
                0x00000000000f82a8       0x40 _build/build-bm68rgb_custom_rev1_THusb/hci_transport.o
                0x00000000000f82a8                hci_transport_close
 .text.hci_transport_rx_pkt_extract
                0x00000000000f82e8       0x38 _build/build-bm68rgb_custom_rev1_THusb/hci_transport.o
                0x00000000000f82e8                hci_transport_rx_pkt_extract
 .text.hci_transport_rx_pkt_consume
                0x00000000000f8320        0x6 _build/build-bm68rgb_custom_rev1_THusb/hci_transport.o
                0x00000000000f8320                hci_transport_rx_pkt_consume
 .text.sd_mbr_command
                0x00000000000f8326        0x4 _build/build-bm68rgb_custom_rev1_THusb/msc_uf2.o
 *fill*         0x00000000000f832a        0x2 
 .text.tud_msc_inquiry_cb
                0x00000000000f832c       0x68 _build/build-bm68rgb_custom_rev1_THusb/msc_uf2.o
                0x00000000000f832c                tud_msc_inquiry_cb
 .text.tud_msc_test_unit_ready_cb
                0x00000000000f8394        0x4 _build/build-bm68rgb_custom_rev1_THusb/msc_uf2.o
                0x00000000000f8394                tud_msc_test_unit_ready_cb
 .text.tud_msc_scsi_cb
                0x00000000000f8398       0x24 _build/build-bm68rgb_custom_rev1_THusb/msc_uf2.o
                0x00000000000f8398                tud_msc_scsi_cb
 .text.tud_msc_read10_cb
                0x00000000000f83bc       0x42 _build/build-bm68rgb_custom_rev1_THusb/msc_uf2.o
                0x00000000000f83bc                tud_msc_read10_cb
 *fill*         0x00000000000f83fe        0x2 
 .text.tud_msc_write10_cb
                0x00000000000f8400       0x30 _build/build-bm68rgb_custom_rev1_THusb/msc_uf2.o
                0x00000000000f8400                tud_msc_write10_cb
 .text.tud_msc_write10_complete_cb
                0x00000000000f8430       0xa4 _build/build-bm68rgb_custom_rev1_THusb/msc_uf2.o
                0x00000000000f8430                tud_msc_write10_complete_cb
 .text.tud_msc_capacity_cb
                0x00000000000f84d4       0x10 _build/build-bm68rgb_custom_rev1_THusb/msc_uf2.o
                0x00000000000f84d4                tud_msc_capacity_cb
 .text.tud_msc_start_stop_cb
                0x00000000000f84e4        0x4 _build/build-bm68rgb_custom_rev1_THusb/msc_uf2.o
                0x00000000000f84e4                tud_msc_start_stop_cb
 .text.tud_descriptor_device_cb
                0x00000000000f84e8        0x8 _build/build-bm68rgb_custom_rev1_THusb/usb_desc.o
                0x00000000000f84e8                tud_descriptor_device_cb
 .text.tud_descriptor_configuration_cb
                0x00000000000f84f0       0x20 _build/build-bm68rgb_custom_rev1_THusb/usb_desc.o
                0x00000000000f84f0                tud_descriptor_configuration_cb
 .text.usb_desc_init
                0x00000000000f8510       0x98 _build/build-bm68rgb_custom_rev1_THusb/usb_desc.o
                0x00000000000f8510                usb_desc_init
 .text.tud_descriptor_string_cb
                0x00000000000f85a8       0x60 _build/build-bm68rgb_custom_rev1_THusb/usb_desc.o
                0x00000000000f85a8                tud_descriptor_string_cb
 .text.sd_power_usbpwrrdy_enable
                0x00000000000f8608        0x4 _build/build-bm68rgb_custom_rev1_THusb/usb.o
 .text.sd_power_usbdetected_enable
                0x00000000000f860c        0x4 _build/build-bm68rgb_custom_rev1_THusb/usb.o
 .text.sd_power_usbremoved_enable
                0x00000000000f8610        0x4 _build/build-bm68rgb_custom_rev1_THusb/usb.o
 .text.sd_power_usbregstatus_get
                0x00000000000f8614        0x4 _build/build-bm68rgb_custom_rev1_THusb/usb.o
 .text.sd_softdevice_is_enabled
                0x00000000000f8618        0x4 _build/build-bm68rgb_custom_rev1_THusb/usb.o
 .text.USBD_IRQHandler
                0x00000000000f861c        0x6 _build/build-bm68rgb_custom_rev1_THusb/usb.o
                0x00000000000f861c                USBD_IRQHandler
 *fill*         0x00000000000f8622        0x2 
 .text.usb_init
                0x00000000000f8624       0xa0 _build/build-bm68rgb_custom_rev1_THusb/usb.o
                0x00000000000f8624                usb_init
 .text.usb_teardown
                0x00000000000f86c4        0x6 _build/build-bm68rgb_custom_rev1_THusb/usb.o
                0x00000000000f86c4                usb_teardown
 .text.tud_mount_cb
                0x00000000000f86ca        0x6 _build/build-bm68rgb_custom_rev1_THusb/usb.o
                0x00000000000f86ca                tud_mount_cb
 .text.tud_umount_cb
                0x00000000000f86d0        0x6 _build/build-bm68rgb_custom_rev1_THusb/usb.o
                0x00000000000f86d0                tud_umount_cb
 *fill*         0x00000000000f86d6        0x2 
 .text.uf2_init
                0x00000000000f86d8       0xe4 _build/build-bm68rgb_custom_rev1_THusb/ghostfat.o
                0x00000000000f86d8                uf2_init
 .text.padded_memcpy
                0x00000000000f87bc       0x1c _build/build-bm68rgb_custom_rev1_THusb/ghostfat.o
                0x00000000000f87bc                padded_memcpy
 .text.read_block
                0x00000000000f87d8      0x1ac _build/build-bm68rgb_custom_rev1_THusb/ghostfat.o
                0x00000000000f87d8                read_block
 .text.write_block
                0x00000000000f8984      0x1b0 _build/build-bm68rgb_custom_rev1_THusb/ghostfat.o
                0x00000000000f8984                write_block
 .text.nrfx_usbd_errata_187
                0x00000000000f8b34       0x20 _build/build-bm68rgb_custom_rev1_THusb/dcd_nrf5x.o
 .text.start_dma
                0x00000000000f8b54       0x30 _build/build-bm68rgb_custom_rev1_THusb/dcd_nrf5x.o
 .text.sd_clock_hfclk_request
                0x00000000000f8b84        0x4 _build/build-bm68rgb_custom_rev1_THusb/dcd_nrf5x.o
 .text.sd_clock_hfclk_release
                0x00000000000f8b88        0x4 _build/build-bm68rgb_custom_rev1_THusb/dcd_nrf5x.o
 .text.sd_clock_hfclk_is_running
                0x00000000000f8b8c        0x4 _build/build-bm68rgb_custom_rev1_THusb/dcd_nrf5x.o
 .text.sd_softdevice_is_enabled
                0x00000000000f8b90        0x4 _build/build-bm68rgb_custom_rev1_THusb/dcd_nrf5x.o
 .text.edpt_dma_start
                0x00000000000f8b94       0x60 _build/build-bm68rgb_custom_rev1_THusb/dcd_nrf5x.o
 .text.xact_in_dma
                0x00000000000f8bf4       0x40 _build/build-bm68rgb_custom_rev1_THusb/dcd_nrf5x.o
 .text.is_sd_enabled
                0x00000000000f8c34       0x30 _build/build-bm68rgb_custom_rev1_THusb/dcd_nrf5x.o
 .text.hfclk_running
                0x00000000000f8c64       0x36 _build/build-bm68rgb_custom_rev1_THusb/dcd_nrf5x.o
 *fill*         0x00000000000f8c9a        0x2 
 .text.xact_out_dma.part.0
                0x00000000000f8c9c       0x2c _build/build-bm68rgb_custom_rev1_THusb/dcd_nrf5x.o
 .text.xact_out_dma
                0x00000000000f8cc8       0x58 _build/build-bm68rgb_custom_rev1_THusb/dcd_nrf5x.o
 .text.dcd_init
                0x00000000000f8d20        0x2 _build/build-bm68rgb_custom_rev1_THusb/dcd_nrf5x.o
                0x00000000000f8d20                dcd_init
 *fill*         0x00000000000f8d22        0x2 
 .text.dcd_int_enable
                0x00000000000f8d24        0xc _build/build-bm68rgb_custom_rev1_THusb/dcd_nrf5x.o
                0x00000000000f8d24                dcd_int_enable
 .text.dcd_int_disable
                0x00000000000f8d30       0x10 _build/build-bm68rgb_custom_rev1_THusb/dcd_nrf5x.o
                0x00000000000f8d30                dcd_int_disable
 .text.dcd_set_address
                0x00000000000f8d40       0x24 _build/build-bm68rgb_custom_rev1_THusb/dcd_nrf5x.o
                0x00000000000f8d40                dcd_set_address
 .text.dcd_edpt_open
                0x00000000000f8d64      0x114 _build/build-bm68rgb_custom_rev1_THusb/dcd_nrf5x.o
                0x00000000000f8d64                dcd_edpt_open
 .text.dcd_edpt_close_all
                0x00000000000f8e78       0x8c _build/build-bm68rgb_custom_rev1_THusb/dcd_nrf5x.o
                0x00000000000f8e78                dcd_edpt_close_all
 .text.dcd_edpt_xfer
                0x00000000000f8f04       0x9c _build/build-bm68rgb_custom_rev1_THusb/dcd_nrf5x.o
                0x00000000000f8f04                dcd_edpt_xfer
 .text.dcd_edpt_stall
                0x00000000000f8fa0       0x48 _build/build-bm68rgb_custom_rev1_THusb/dcd_nrf5x.o
                0x00000000000f8fa0                dcd_edpt_stall
 .text.dcd_edpt_clear_stall
                0x00000000000f8fe8       0x34 _build/build-bm68rgb_custom_rev1_THusb/dcd_nrf5x.o
                0x00000000000f8fe8                dcd_edpt_clear_stall
 .text.bus_reset
                0x00000000000f901c       0x6c _build/build-bm68rgb_custom_rev1_THusb/dcd_nrf5x.o
                0x00000000000f901c                bus_reset
 .text.dcd_int_handler
                0x00000000000f9088      0x324 _build/build-bm68rgb_custom_rev1_THusb/dcd_nrf5x.o
                0x00000000000f9088                dcd_int_handler
 .text.tusb_hal_nrf_power_event
                0x00000000000f93ac      0x204 _build/build-bm68rgb_custom_rev1_THusb/dcd_nrf5x.o
                0x00000000000f93ac                tusb_hal_nrf_power_event
 .text.advance_pointer
                0x00000000000f95b0       0x18 _build/build-bm68rgb_custom_rev1_THusb/tusb_fifo.o
 .text._tu_fifo_correct_read_pointer
                0x00000000000f95c8       0x1e _build/build-bm68rgb_custom_rev1_THusb/tusb_fifo.o
 .text._ff_pull_const_addr
                0x00000000000f95e6       0x2e _build/build-bm68rgb_custom_rev1_THusb/tusb_fifo.o
 .text._tu_fifo_peek_n
                0x00000000000f9614      0x122 _build/build-bm68rgb_custom_rev1_THusb/tusb_fifo.o
 .text._ff_push_const_addr
                0x00000000000f9736       0x28 _build/build-bm68rgb_custom_rev1_THusb/tusb_fifo.o
 .text._tu_fifo_peek
                0x00000000000f975e       0x4c _build/build-bm68rgb_custom_rev1_THusb/tusb_fifo.o
 .text._tu_fifo_write_n.part.0
                0x00000000000f97aa      0x12a _build/build-bm68rgb_custom_rev1_THusb/tusb_fifo.o
 .text.tu_fifo_config
                0x00000000000f98d4       0x2c _build/build-bm68rgb_custom_rev1_THusb/tusb_fifo.o
                0x00000000000f98d4                tu_fifo_config
 .text.tu_fifo_count
                0x00000000000f9900       0x24 _build/build-bm68rgb_custom_rev1_THusb/tusb_fifo.o
                0x00000000000f9900                tu_fifo_count
 .text.tu_fifo_empty
                0x00000000000f9924       0x10 _build/build-bm68rgb_custom_rev1_THusb/tusb_fifo.o
                0x00000000000f9924                tu_fifo_empty
 .text.tu_fifo_remaining
                0x00000000000f9934       0x24 _build/build-bm68rgb_custom_rev1_THusb/tusb_fifo.o
                0x00000000000f9934                tu_fifo_remaining
 .text.tu_fifo_read
                0x00000000000f9958       0x24 _build/build-bm68rgb_custom_rev1_THusb/tusb_fifo.o
                0x00000000000f9958                tu_fifo_read
 .text.tu_fifo_read_n
                0x00000000000f997c       0x2c _build/build-bm68rgb_custom_rev1_THusb/tusb_fifo.o
                0x00000000000f997c                tu_fifo_read_n
 .text.tu_fifo_write
                0x00000000000f99a8       0x54 _build/build-bm68rgb_custom_rev1_THusb/tusb_fifo.o
                0x00000000000f99a8                tu_fifo_write
 .text.tu_fifo_write_n
                0x00000000000f99fc        0xc _build/build-bm68rgb_custom_rev1_THusb/tusb_fifo.o
                0x00000000000f99fc                tu_fifo_write_n
 .text.tu_fifo_clear
                0x00000000000f9a08       0x18 _build/build-bm68rgb_custom_rev1_THusb/tusb_fifo.o
                0x00000000000f9a08                tu_fifo_clear
 .text.tu_fifo_set_overwritable
                0x00000000000f9a20        0x6 _build/build-bm68rgb_custom_rev1_THusb/tusb_fifo.o
                0x00000000000f9a20                tu_fifo_set_overwritable
 *fill*         0x00000000000f9a26        0x2 
 .text.get_driver
                0x00000000000f9a28       0x40 _build/build-bm68rgb_custom_rev1_THusb/usbd.o
 .text.configuration_reset
                0x00000000000f9a68       0x54 _build/build-bm68rgb_custom_rev1_THusb/usbd.o
 .text.invoke_class_control
                0x00000000000f9abc       0x1e _build/build-bm68rgb_custom_rev1_THusb/usbd.o
 .text.osal_queue_send.isra.0
                0x00000000000f9ada       0x42 _build/build-bm68rgb_custom_rev1_THusb/usbd.o
 .text.tud_mounted
                0x00000000000f9b1c       0x10 _build/build-bm68rgb_custom_rev1_THusb/usbd.o
                0x00000000000f9b1c                tud_mounted
 .text.tud_suspended
                0x00000000000f9b2c       0x10 _build/build-bm68rgb_custom_rev1_THusb/usbd.o
                0x00000000000f9b2c                tud_suspended
 .text.tud_inited
                0x00000000000f9b3c        0xc _build/build-bm68rgb_custom_rev1_THusb/usbd.o
                0x00000000000f9b3c                tud_inited
 .text.tud_init
                0x00000000000f9b48       0x78 _build/build-bm68rgb_custom_rev1_THusb/usbd.o
                0x00000000000f9b48                tud_init
 .text.dcd_event_handler
                0x00000000000f9bc0       0xa0 _build/build-bm68rgb_custom_rev1_THusb/usbd.o
                0x00000000000f9bc0                dcd_event_handler
 .text.dcd_event_bus_signal
                0x00000000000f9c60       0x20 _build/build-bm68rgb_custom_rev1_THusb/usbd.o
                0x00000000000f9c60                dcd_event_bus_signal
 .text.dcd_event_bus_reset
                0x00000000000f9c80       0x26 _build/build-bm68rgb_custom_rev1_THusb/usbd.o
                0x00000000000f9c80                dcd_event_bus_reset
 .text.dcd_event_setup_received
                0x00000000000f9ca6       0x2c _build/build-bm68rgb_custom_rev1_THusb/usbd.o
                0x00000000000f9ca6                dcd_event_setup_received
 .text.dcd_event_xfer_complete
                0x00000000000f9cd2       0x2a _build/build-bm68rgb_custom_rev1_THusb/usbd.o
                0x00000000000f9cd2                dcd_event_xfer_complete
 .text.usbd_defer_func
                0x00000000000f9cfc       0x1a _build/build-bm68rgb_custom_rev1_THusb/usbd.o
                0x00000000000f9cfc                usbd_defer_func
 *fill*         0x00000000000f9d16        0x2 
 .text.usbd_edpt_open
                0x00000000000f9d18       0x40 _build/build-bm68rgb_custom_rev1_THusb/usbd.o
                0x00000000000f9d18                usbd_edpt_open
 .text.usbd_open_edpt_pair
                0x00000000000f9d58       0x6c _build/build-bm68rgb_custom_rev1_THusb/usbd.o
                0x00000000000f9d58                usbd_open_edpt_pair
 .text.usbd_edpt_claim
                0x00000000000f9dc4       0x34 _build/build-bm68rgb_custom_rev1_THusb/usbd.o
                0x00000000000f9dc4                usbd_edpt_claim
 .text.usbd_edpt_release
                0x00000000000f9df8       0x34 _build/build-bm68rgb_custom_rev1_THusb/usbd.o
                0x00000000000f9df8                usbd_edpt_release
 .text.usbd_edpt_xfer
                0x00000000000f9e2c       0x60 _build/build-bm68rgb_custom_rev1_THusb/usbd.o
                0x00000000000f9e2c                usbd_edpt_xfer
 .text.usbd_edpt_busy
                0x00000000000f9e8c       0x1c _build/build-bm68rgb_custom_rev1_THusb/usbd.o
                0x00000000000f9e8c                usbd_edpt_busy
 .text.usbd_edpt_stall
                0x00000000000f9ea8       0x34 _build/build-bm68rgb_custom_rev1_THusb/usbd.o
                0x00000000000f9ea8                usbd_edpt_stall
 .text.usbd_edpt_clear_stall
                0x00000000000f9edc       0x34 _build/build-bm68rgb_custom_rev1_THusb/usbd.o
                0x00000000000f9edc                usbd_edpt_clear_stall
 .text.usbd_edpt_stalled
                0x00000000000f9f10       0x1c _build/build-bm68rgb_custom_rev1_THusb/usbd.o
                0x00000000000f9f10                usbd_edpt_stalled
 .text.tud_task
                0x00000000000f9f2c      0x5dc _build/build-bm68rgb_custom_rev1_THusb/usbd.o
                0x00000000000f9f2c                tud_task
 .text._data_stage_xact
                0x00000000000fa508       0x5c _build/build-bm68rgb_custom_rev1_THusb/usbd_control.o
 .text._status_stage_xact.isra.0
                0x00000000000fa564       0x14 _build/build-bm68rgb_custom_rev1_THusb/usbd_control.o
 .text.tud_control_status
                0x00000000000fa578       0x24 _build/build-bm68rgb_custom_rev1_THusb/usbd_control.o
                0x00000000000fa578                tud_control_status
 .text.tud_control_xfer
                0x00000000000fa59c       0x68 _build/build-bm68rgb_custom_rev1_THusb/usbd_control.o
                0x00000000000fa59c                tud_control_xfer
 .text.usbd_control_reset
                0x00000000000fa604       0x10 _build/build-bm68rgb_custom_rev1_THusb/usbd_control.o
                0x00000000000fa604                usbd_control_reset
 .text.usbd_control_set_complete_callback
                0x00000000000fa614        0xc _build/build-bm68rgb_custom_rev1_THusb/usbd_control.o
                0x00000000000fa614                usbd_control_set_complete_callback
 .text.usbd_control_set_request
                0x00000000000fa620       0x1c _build/build-bm68rgb_custom_rev1_THusb/usbd_control.o
                0x00000000000fa620                usbd_control_set_request
 .text.usbd_control_xfer_cb
                0x00000000000fa63c       0xc4 _build/build-bm68rgb_custom_rev1_THusb/usbd_control.o
                0x00000000000fa63c                usbd_control_xfer_cb
 .text._prep_out_transaction.isra.0
                0x00000000000fa700       0x44 _build/build-bm68rgb_custom_rev1_THusb/cdc_device.o
 .text.tud_cdc_n_available
                0x00000000000fa744       0x18 _build/build-bm68rgb_custom_rev1_THusb/cdc_device.o
                0x00000000000fa744                tud_cdc_n_available
 .text.tud_cdc_n_read
                0x00000000000fa75c       0x28 _build/build-bm68rgb_custom_rev1_THusb/cdc_device.o
                0x00000000000fa75c                tud_cdc_n_read
 .text.tud_cdc_n_write_flush
                0x00000000000fa784       0x80 _build/build-bm68rgb_custom_rev1_THusb/cdc_device.o
                0x00000000000fa784                tud_cdc_n_write_flush
 .text.tud_cdc_n_write
                0x00000000000fa804       0x34 _build/build-bm68rgb_custom_rev1_THusb/cdc_device.o
                0x00000000000fa804                tud_cdc_n_write
 .text.cdcd_init
                0x00000000000fa838       0x58 _build/build-bm68rgb_custom_rev1_THusb/cdc_device.o
                0x00000000000fa838                cdcd_init
 .text.cdcd_reset
                0x00000000000fa890       0x30 _build/build-bm68rgb_custom_rev1_THusb/cdc_device.o
                0x00000000000fa890                cdcd_reset
 .text.cdcd_open
                0x00000000000fa8c0       0xa4 _build/build-bm68rgb_custom_rev1_THusb/cdc_device.o
                0x00000000000fa8c0                cdcd_open
 .text.cdcd_control_xfer_cb
                0x00000000000fa964       0xb8 _build/build-bm68rgb_custom_rev1_THusb/cdc_device.o
                0x00000000000fa964                cdcd_control_xfer_cb
 .text.cdcd_xfer_cb
                0x00000000000faa1c       0xfc _build/build-bm68rgb_custom_rev1_THusb/cdc_device.o
                0x00000000000faa1c                cdcd_xfer_cb
 .text.fail_scsi_op.constprop.0
                0x00000000000fab18       0x48 _build/build-bm68rgb_custom_rev1_THusb/msc_device.o
 .text.proc_write10_cmd.constprop.0
                0x00000000000fab60       0x64 _build/build-bm68rgb_custom_rev1_THusb/msc_device.o
 .text.proc_read10_cmd.constprop.0
                0x00000000000fabc4       0x98 _build/build-bm68rgb_custom_rev1_THusb/msc_device.o
 .text.rdwr10_validate_cmd
                0x00000000000fac5c       0x3e _build/build-bm68rgb_custom_rev1_THusb/msc_device.o
                0x00000000000fac5c                rdwr10_validate_cmd
 *fill*         0x00000000000fac9a        0x2 
 .text.tud_msc_set_sense
                0x00000000000fac9c       0x18 _build/build-bm68rgb_custom_rev1_THusb/msc_device.o
                0x00000000000fac9c                tud_msc_set_sense
 .text.mscd_init
                0x00000000000facb4       0x10 _build/build-bm68rgb_custom_rev1_THusb/msc_device.o
                0x00000000000facb4                mscd_init
 .text.mscd_reset
                0x00000000000facc4       0x10 _build/build-bm68rgb_custom_rev1_THusb/msc_device.o
                0x00000000000facc4                mscd_reset
 .text.mscd_open
                0x00000000000facd4       0x90 _build/build-bm68rgb_custom_rev1_THusb/msc_device.o
                0x00000000000facd4                mscd_open
 .text.mscd_control_xfer_cb
                0x00000000000fad64      0x11c _build/build-bm68rgb_custom_rev1_THusb/msc_device.o
                0x00000000000fad64                mscd_control_xfer_cb
 .text.mscd_xfer_cb
                0x00000000000fae80      0x4c0 _build/build-bm68rgb_custom_rev1_THusb/msc_device.o
                0x00000000000fae80                mscd_xfer_cb
 .text.tusb_init
                0x00000000000fb340       0x1a _build/build-bm68rgb_custom_rev1_THusb/tusb.o
                0x00000000000fb340                tusb_init
 .text.tusb_inited
                0x00000000000fb35a        0x4 _build/build-bm68rgb_custom_rev1_THusb/tusb.o
                0x00000000000fb35a                tusb_inited
 .text.tu_edpt_validate
                0x00000000000fb35e       0x60 _build/build-bm68rgb_custom_rev1_THusb/tusb.o
                0x00000000000fb35e                tu_edpt_validate
 .text.tu_edpt_bind_driver
                0x00000000000fb3be       0x24 _build/build-bm68rgb_custom_rev1_THusb/tusb.o
                0x00000000000fb3be                tu_edpt_bind_driver
 *fill*         0x00000000000fb3e2        0x2 
 .text          0x00000000000fb3e4       0x3c _build/build-bm68rgb_custom_rev1_THusb/gcc_startup_nrf52840.o
                0x00000000000fb3e4                Reset_Handler
                0x00000000000fb40c                NMI_Handler
                0x00000000000fb40e                HardFault_Handler
                0x00000000000fb410                MemoryManagement_Handler
                0x00000000000fb412                BusFault_Handler
                0x00000000000fb414                UsageFault_Handler
                0x00000000000fb418                DebugMon_Handler
                0x00000000000fb41a                PendSV_Handler
                0x00000000000fb41e                TIMER2_IRQHandler
                0x00000000000fb41e                RTC0_IRQHandler
                0x00000000000fb41e                GPIOTE_IRQHandler
                0x00000000000fb41e                PWM1_IRQHandler
                0x00000000000fb41e                RADIO_IRQHandler
                0x00000000000fb41e                PDM_IRQHandler
                0x00000000000fb41e                TEMP_IRQHandler
                0x00000000000fb41e                QDEC_IRQHandler
                0x00000000000fb41e                TIMER3_IRQHandler
                0x00000000000fb41e                PWM3_IRQHandler
                0x00000000000fb41e                FPU_IRQHandler
                0x00000000000fb41e                SPIM0_SPIS0_TWIM0_TWIS0_SPI0_TWI0_IRQHandler
                0x00000000000fb41e                UARTE0_UART0_IRQHandler
                0x00000000000fb41e                TIMER4_IRQHandler
                0x00000000000fb41e                CRYPTOCELL_IRQHandler
                0x00000000000fb41e                I2S_IRQHandler
                0x00000000000fb41e                SWI4_EGU4_IRQHandler
                0x00000000000fb41e                TIMER0_IRQHandler
                0x00000000000fb41e                UARTE1_IRQHandler
                0x00000000000fb41e                TIMER1_IRQHandler
                0x00000000000fb41e                SPIM3_IRQHandler
                0x00000000000fb41e                PWM2_IRQHandler
                0x00000000000fb41e                ECB_IRQHandler
                0x00000000000fb41e                SPIM1_SPIS1_TWIM1_TWIS1_SPI1_TWI1_IRQHandler
                0x00000000000fb41e                Default_Handler
                0x00000000000fb41e                SAADC_IRQHandler
                0x00000000000fb41e                CCM_AAR_IRQHandler
                0x00000000000fb41e                WDT_IRQHandler
                0x00000000000fb41e                SWI5_EGU5_IRQHandler
                0x00000000000fb41e                RNG_IRQHandler
                0x00000000000fb41e                RTC2_IRQHandler
                0x00000000000fb41e                PWM0_IRQHandler
                0x00000000000fb41e                SWI3_EGU3_IRQHandler
                0x00000000000fb41e                SWI1_EGU1_IRQHandler
                0x00000000000fb41e                SPIM2_SPIS2_SPI2_IRQHandler
                0x00000000000fb41e                NFCT_IRQHandler
                0x00000000000fb41e                MWU_IRQHandler
                0x00000000000fb41e                QSPI_IRQHandler
                0x00000000000fb41e                COMP_LPCOMP_IRQHandler
 .text.memcmp   0x00000000000fb420       0x20 /usr/share/gcc-arm-none-eabi-10-2020-q4-major/bin/../lib/gcc/arm-none-eabi/10.2.1/../../../../arm-none-eabi/lib/thumb/v7e-m+fp/hard/libc_nano.a(lib_a-memcmp.o)
                0x00000000000fb420                memcmp
 .text.memcpy   0x00000000000fb440       0x1c /usr/share/gcc-arm-none-eabi-10-2020-q4-major/bin/../lib/gcc/arm-none-eabi/10.2.1/../../../../arm-none-eabi/lib/thumb/v7e-m+fp/hard/libc_nano.a(lib_a-memcpy-stub.o)
                0x00000000000fb440                memcpy
 .text.memmove  0x00000000000fb45c       0x34 /usr/share/gcc-arm-none-eabi-10-2020-q4-major/bin/../lib/gcc/arm-none-eabi/10.2.1/../../../../arm-none-eabi/lib/thumb/v7e-m+fp/hard/libc_nano.a(lib_a-memmove.o)
                0x00000000000fb45c                memmove
 .text.strcat   0x00000000000fb490       0x1e /usr/share/gcc-arm-none-eabi-10-2020-q4-major/bin/../lib/gcc/arm-none-eabi/10.2.1/../../../../arm-none-eabi/lib/thumb/v7e-m+fp/hard/libc_nano.a(lib_a-strcat.o)
                0x00000000000fb490                strcat
 .text          0x00000000000fb4ae       0x10 /usr/share/gcc-arm-none-eabi-10-2020-q4-major/bin/../lib/gcc/arm-none-eabi/10.2.1/../../../../arm-none-eabi/lib/thumb/v7e-m+fp/hard/libc_nano.a(lib_a-strlen.o)
                0x00000000000fb4ae                strlen
 *fill*         0x00000000000fb4be        0x2 
 .text.__utoa   0x00000000000fb4c0       0x84 /usr/share/gcc-arm-none-eabi-10-2020-q4-major/bin/../lib/gcc/arm-none-eabi/10.2.1/../../../../arm-none-eabi/lib/thumb/v7e-m+fp/hard/libc_nano.a(lib_a-utoa.o)
                0x00000000000fb4c0                __utoa
 .text.utoa     0x00000000000fb544        0x4 /usr/share/gcc-arm-none-eabi-10-2020-q4-major/bin/../lib/gcc/arm-none-eabi/10.2.1/../../../../arm-none-eabi/lib/thumb/v7e-m+fp/hard/libc_nano.a(lib_a-utoa.o)
                0x00000000000fb544                utoa
 .text          0x00000000000fb548       0x30 /usr/share/gcc-arm-none-eabi-10-2020-q4-major/bin/../lib/gcc/arm-none-eabi/10.2.1/thumb/v7e-m+fp/hard/libgcc.a(_aeabi_uldivmod.o)
                0x00000000000fb548                __aeabi_uldivmod
 .text          0x00000000000fb578      0x2d0 /usr/share/gcc-arm-none-eabi-10-2020-q4-major/bin/../lib/gcc/arm-none-eabi/10.2.1/thumb/v7e-m+fp/hard/libgcc.a(_udivmoddi4.o)
                0x00000000000fb578                __udivmoddi4
 .text          0x00000000000fb848        0x4 /usr/share/gcc-arm-none-eabi-10-2020-q4-major/bin/../lib/gcc/arm-none-eabi/10.2.1/thumb/v7e-m+fp/hard/libgcc.a(_dvmd_tls.o)
                0x00000000000fb848                __aeabi_ldiv0
                0x00000000000fb848                __aeabi_idiv0
 *(.init)
 .init          0x00000000000fb84c        0x4 /usr/share/gcc-arm-none-eabi-10-2020-q4-major/bin/../lib/gcc/arm-none-eabi/10.2.1/thumb/v7e-m+fp/hard/crti.o
                0x00000000000fb84c                _init
 .init          0x00000000000fb850        0x8 /usr/share/gcc-arm-none-eabi-10-2020-q4-major/bin/../lib/gcc/arm-none-eabi/10.2.1/thumb/v7e-m+fp/hard/crtn.o
 *(.fini)
 .fini          0x00000000000fb858        0x4 /usr/share/gcc-arm-none-eabi-10-2020-q4-major/bin/../lib/gcc/arm-none-eabi/10.2.1/thumb/v7e-m+fp/hard/crti.o
                0x00000000000fb858                _fini
 .fini          0x00000000000fb85c        0x8 /usr/share/gcc-arm-none-eabi-10-2020-q4-major/bin/../lib/gcc/arm-none-eabi/10.2.1/thumb/v7e-m+fp/hard/crtn.o
 *crtbegin.o(.ctors)
 *crtbegin?.o(.ctors)
 *(EXCLUDE_FILE(*crtend.o *crtend?.o) .ctors)
 *(SORT_BY_NAME(.ctors.*))
 *(.ctors)
 *crtbegin.o(.dtors)
 *crtbegin?.o(.dtors)
 *(EXCLUDE_FILE(*crtend.o *crtend?.o) .dtors)
 *(SORT_BY_NAME(.dtors.*))
 *(.dtors)
 *(.rodata*)
 .rodata._global_impure_ptr
                0x00000000000fb864        0x4 /usr/share/gcc-arm-none-eabi-10-2020-q4-major/bin/../lib/gcc/arm-none-eabi/10.2.1/../../../../arm-none-eabi/lib/thumb/v7e-m+fp/hard/libc.a(lib_a-impure.o)
                0x00000000000fb864                _global_impure_ptr
 .rodata        0x00000000000fb868        0x4 _build/build-bm68rgb_custom_rev1_THusb/main.o
 *fill*         0x00000000000fb86c        0x4 
 .rodata.delay_machine_code.0
                0x00000000000fb870        0x6 _build/build-bm68rgb_custom_rev1_THusb/main.o
 *fill*         0x00000000000fb876        0xa 
 .rodata.delay_machine_code.0
                0x00000000000fb880        0x6 _build/build-bm68rgb_custom_rev1_THusb/boards.o
 .rodata.CSWTCH.7
                0x00000000000fb886        0x4 _build/build-bm68rgb_custom_rev1_THusb/system_nrf52840.o
 *fill*         0x00000000000fb88a        0x2 
 .rodata._dfu_startup_timer
                0x00000000000fb88c        0x4 _build/build-bm68rgb_custom_rev1_THusb/bootloader.o
 .rodata.delay_machine_code.0
                0x00000000000fb890        0x6 _build/build-bm68rgb_custom_rev1_THusb/bootloader.o
 .rodata.advertising_start.str1.1
                0x00000000000fb896        0x7 _build/build-bm68rgb_custom_rev1_THusb/dfu_transport_ble.o
 .rodata.dfu_transport_ble_update_start.str1.1
                0x00000000000fb89d       0x46 _build/build-bm68rgb_custom_rev1_THusb/dfu_transport_ble.o
 .rodata        0x00000000000fb8e3       0x10 _build/build-bm68rgb_custom_rev1_THusb/dfu_transport_ble.o
 .rodata        0x00000000000fb8f3       0x10 _build/build-bm68rgb_custom_rev1_THusb/ble_dfu.o
 *fill*         0x00000000000fb903        0x1 
 .rodata.m_app_timer_id
                0x00000000000fb904        0x4 _build/build-bm68rgb_custom_rev1_THusb/hci_transport.o
 .rodata.tud_msc_inquiry_cb.str1.1
                0x00000000000fb908       0x11 _build/build-bm68rgb_custom_rev1_THusb/msc_uf2.o
 .rodata.usb_desc_init.str1.1
                0x00000000000fb919       0x11 _build/build-bm68rgb_custom_rev1_THusb/usb_desc.o
 .rodata.str1.1
                0x00000000000fb92a        0xb _build/build-bm68rgb_custom_rev1_THusb/usb_desc.o
                                         0x3c (size before relaxing)
 .rodata.__compound_literal.0
                0x00000000000fb935        0x2 _build/build-bm68rgb_custom_rev1_THusb/usb_desc.o
 .rodata.uf2_init.str1.1
                0x00000000000fb937       0x1d _build/build-bm68rgb_custom_rev1_THusb/ghostfat.o
                                         0x22 (size before relaxing)
 .rodata.BootBlock
                0x00000000000fb954       0x3e _build/build-bm68rgb_custom_rev1_THusb/ghostfat.o
 .rodata.indexFile
                0x00000000000fb992       0x54 _build/build-bm68rgb_custom_rev1_THusb/ghostfat.o
                0x00000000000fb992                indexFile
 *fill*         0x00000000000fb9e6        0x2 
 .rodata.info   0x00000000000fb9e8       0x30 _build/build-bm68rgb_custom_rev1_THusb/ghostfat.o
 .rodata._usbd_driver
                0x00000000000fba18       0x30 _build/build-bm68rgb_custom_rev1_THusb/usbd.o
 .rodata.__utoa.str1.1
                0x00000000000fba48       0x25 /usr/share/gcc-arm-none-eabi-10-2020-q4-major/bin/../lib/gcc/arm-none-eabi/10.2.1/../../../../arm-none-eabi/lib/thumb/v7e-m+fp/hard/libc_nano.a(lib_a-utoa.o)
 *(.eh_frame*)
 *fill*         0x00000000000fba6d        0x3 
 .eh_frame      0x00000000000fba70        0x0 /usr/share/gcc-arm-none-eabi-10-2020-q4-major/bin/../lib/gcc/arm-none-eabi/10.2.1/thumb/v7e-m+fp/hard/crtbegin.o
 .eh_frame      0x00000000000fba70        0x4 /usr/share/gcc-arm-none-eabi-10-2020-q4-major/bin/../lib/gcc/arm-none-eabi/10.2.1/thumb/v7e-m+fp/hard/crtend.o

.glue_7         0x00000000000fba74        0x0
 .glue_7        0x00000000000fba74        0x0 linker stubs

.glue_7t        0x00000000000fba74        0x0
 .glue_7t       0x00000000000fba74        0x0 linker stubs

.vfp11_veneer   0x00000000000fba74        0x0
 .vfp11_veneer  0x00000000000fba74        0x0 linker stubs

.v4_bx          0x00000000000fba74        0x0
 .v4_bx         0x00000000000fba74        0x0 linker stubs

.iplt           0x00000000000fba74        0x0
 .iplt          0x00000000000fba74        0x0 /usr/share/gcc-arm-none-eabi-10-2020-q4-major/bin/../lib/gcc/arm-none-eabi/10.2.1/thumb/v7e-m+fp/hard/crtbegin.o

.ARM.extab
 *(.ARM.extab* .gnu.linkonce.armextab.*)
                0x00000000000fba74                __exidx_start = .

.ARM.exidx      0x00000000000fba74        0x8
 *(.ARM.exidx* .gnu.linkonce.armexidx.*)
 .ARM.exidx     0x00000000000fba74        0x8 /usr/share/gcc-arm-none-eabi-10-2020-q4-major/bin/../lib/gcc/arm-none-eabi/10.2.1/../../../../arm-none-eabi/lib/thumb/v7e-m+fp/hard/crt0.o
                                         0x10 (size before relaxing)
 .ARM.exidx     0x00000000000fba7c        0x0 /usr/share/gcc-arm-none-eabi-10-2020-q4-major/bin/../lib/gcc/arm-none-eabi/10.2.1/thumb/v7e-m+fp/hard/libgcc.a(_udivmoddi4.o)
                                          0x8 (size before relaxing)
                0x00000000000fba7c                __exidx_end = .
                0x00000000000fba7c                __etext = .

.rel.dyn        0x00000000000fba7c        0x0
 .rel.iplt      0x00000000000fba7c        0x0 /usr/share/gcc-arm-none-eabi-10-2020-q4-major/bin/../lib/gcc/arm-none-eabi/10.2.1/thumb/v7e-m+fp/hard/crtbegin.o

.data           0x0000000020008000      0x6c4 load address 0x00000000000fba7c
                0x0000000020008000                __data_start__ = .
 *(vtable)
 *(.data*)
 .data.impure_data
                0x0000000020008000      0x428 /usr/share/gcc-arm-none-eabi-10-2020-q4-major/bin/../lib/gcc/arm-none-eabi/10.2.1/../../../../arm-none-eabi/lib/thumb/v7e-m+fp/hard/libc.a(lib_a-impure.o)
 .data.__atexit_recursive_mutex
                0x0000000020008428        0x4 /usr/share/gcc-arm-none-eabi-10-2020-q4-major/bin/../lib/gcc/arm-none-eabi/10.2.1/../../../../arm-none-eabi/lib/thumb/v7e-m+fp/hard/libc.a(lib_a-__call_atexit.o)
                0x0000000020008428                __atexit_recursive_mutex
 .data._fl_addr
                0x000000002000842c        0x4 _build/build-bm68rgb_custom_rev1_THusb/flash_nrf5x.o
 .data.dbl_reset_mem
                0x0000000020008430        0x4 _build/build-bm68rgb_custom_rev1_THusb/main.o
                0x0000000020008430                dbl_reset_mem
 .data.SystemCoreClock
                0x0000000020008434        0x4 _build/build-bm68rgb_custom_rev1_THusb/system_nrf52840.o
                0x0000000020008434                SystemCoreClock
 .data._adv_handle
                0x0000000020008438        0x1 _build/build-bm68rgb_custom_rev1_THusb/dfu_transport_ble.o
 *fill*         0x0000000020008439        0x1 
 .data.m_conn_handle
                0x000000002000843a        0x2 _build/build-bm68rgb_custom_rev1_THusb/dfu_transport_ble.o
 .data.m_direct_adv_cnt
                0x000000002000843c        0x4 _build/build-bm68rgb_custom_rev1_THusb/dfu_transport_ble.o
 .data.handle_rx_byte
                0x0000000020008440        0x4 _build/build-bm68rgb_custom_rev1_THusb/hci_slip.o
 .data.send_tx_byte
                0x0000000020008444        0x4 _build/build-bm68rgb_custom_rev1_THusb/hci_slip.o
                0x0000000020008444                send_tx_byte
 .data.first_write.0
                0x0000000020008448        0x1 _build/build-bm68rgb_custom_rev1_THusb/msc_uf2.o
 .data.desc_configuration_cdc_msc
                0x0000000020008449       0x62 _build/build-bm68rgb_custom_rev1_THusb/usb_desc.o
                0x0000000020008449                desc_configuration_cdc_msc
 .data.desc_configuration_cdc_only
                0x00000000200084ab       0x4b _build/build-bm68rgb_custom_rev1_THusb/usb_desc.o
                0x00000000200084ab                desc_configuration_cdc_only
 .data.desc_device
                0x00000000200084f6       0x12 _build/build-bm68rgb_custom_rev1_THusb/usb_desc.o
                0x00000000200084f6                desc_device
 .data.string_desc_arr
                0x0000000020008508       0x18 _build/build-bm68rgb_custom_rev1_THusb/usb_desc.o
                0x0000000020008508                string_desc_arr
 .data.infoUf2File
                0x0000000020008520      0x180 _build/build-bm68rgb_custom_rev1_THusb/ghostfat.o
                0x0000000020008520                infoUf2File
 .data._usbd_qdef
                0x00000000200086a0       0x18 _build/build-bm68rgb_custom_rev1_THusb/usbd.o
                0x00000000200086a0                _usbd_qdef
                0x00000000200086b8                . = ALIGN (0x4)
                0x00000000200086b8                PROVIDE (__preinit_array_start = .)
 *(.preinit_array)
                0x00000000200086b8                PROVIDE (__preinit_array_end = .)
                0x00000000200086b8                . = ALIGN (0x4)
                0x00000000200086b8                PROVIDE (__init_array_start = .)
 *(SORT_BY_NAME(.init_array.*))
 .init_array.00000
                0x00000000200086b8        0x4 /usr/share/gcc-arm-none-eabi-10-2020-q4-major/bin/../lib/gcc/arm-none-eabi/10.2.1/../../../../arm-none-eabi/lib/thumb/v7e-m+fp/hard/libc.a(lib_a-__call_atexit.o)
 *(.init_array)
 .init_array    0x00000000200086bc        0x4 /usr/share/gcc-arm-none-eabi-10-2020-q4-major/bin/../lib/gcc/arm-none-eabi/10.2.1/thumb/v7e-m+fp/hard/crtbegin.o
                0x00000000200086c0                PROVIDE (__init_array_end = .)
                0x00000000200086c0                . = ALIGN (0x4)
                0x00000000200086c0                PROVIDE (__fini_array_start = .)
 *(SORT_BY_NAME(.fini_array.*))
 *(.fini_array)
 .fini_array    0x00000000200086c0        0x4 /usr/share/gcc-arm-none-eabi-10-2020-q4-major/bin/../lib/gcc/arm-none-eabi/10.2.1/thumb/v7e-m+fp/hard/crtbegin.o
                0x00000000200086c4                PROVIDE (__fini_array_end = .)
 *(.jcr*)
                0x00000000200086c4                . = ALIGN (0x4)
                0x00000000200086c4                __data_end__ = .

.igot.plt       0x00000000200086c4        0x0 load address 0x00000000000fc140
 .igot.plt      0x00000000200086c4        0x0 /usr/share/gcc-arm-none-eabi-10-2020-q4-major/bin/../lib/gcc/arm-none-eabi/10.2.1/thumb/v7e-m+fp/hard/crtbegin.o

.bss            0x00000000200086c4     0x47e0 load address 0x00000000000fc140
                0x00000000200086c4                . = ALIGN (0x4)
                0x00000000200086c4                __bss_start__ = .
 *(.bss*)
 .bss           0x00000000200086c4       0x1c /usr/share/gcc-arm-none-eabi-10-2020-q4-major/bin/../lib/gcc/arm-none-eabi/10.2.1/thumb/v7e-m+fp/hard/crtbegin.o
 .bss.__lock___atexit_recursive_mutex
                0x00000000200086e0        0x1 /usr/share/gcc-arm-none-eabi-10-2020-q4-major/bin/../lib/gcc/arm-none-eabi/10.2.1/../../../../arm-none-eabi/lib/thumb/v7e-m+fp/hard/libc.a(lib_a-lock.o)
                0x00000000200086e0                __lock___atexit_recursive_mutex
 .bss.m_extended_packet
                0x00000000200086e1        0xa _build/build-bm68rgb_custom_rev1_THusb/dfu_init.o
 *fill*         0x00000000200086eb        0x1 
 .bss._fl_buf   0x00000000200086ec     0x1000 _build/build-bm68rgb_custom_rev1_THusb/flash_nrf5x.o
 .bss._ota_connected
                0x00000000200096ec        0x1 _build/build-bm68rgb_custom_rev1_THusb/main.o
                0x00000000200096ec                _ota_connected
 .bss._ota_dfu  0x00000000200096ed        0x1 _build/build-bm68rgb_custom_rev1_THusb/main.o
                0x00000000200096ed                _ota_dfu
 .bss._sd_inited
                0x00000000200096ee        0x1 _build/build-bm68rgb_custom_rev1_THusb/main.o
                0x00000000200096ee                _sd_inited
 *fill*         0x00000000200096ef        0x1 
 .bss.APP_SCHED_BUF.1
                0x00000000200096f0      0x1f0 _build/build-bm68rgb_custom_rev1_THusb/boards.o
 .bss._systick_count
                0x00000000200098e0        0x4 _build/build-bm68rgb_custom_rev1_THusb/boards.o
 .bss.led_duty_cycles
                0x00000000200098e4        0x8 _build/build-bm68rgb_custom_rev1_THusb/boards.o
 .bss.primary_cycle_length
                0x00000000200098ec        0x4 _build/build-bm68rgb_custom_rev1_THusb/boards.o
 .bss.rgb_color
                0x00000000200098f0        0x4 _build/build-bm68rgb_custom_rev1_THusb/boards.o
 .bss.secondary_cycle_length
                0x00000000200098f4        0x4 _build/build-bm68rgb_custom_rev1_THusb/boards.o
 .bss.m_pofwarn_handler
                0x00000000200098f8        0x4 _build/build-bm68rgb_custom_rev1_THusb/nrfx_power.o
 .bss.m_sleepevt_handler
                0x00000000200098fc        0x4 _build/build-bm68rgb_custom_rev1_THusb/nrfx_power.o
 .bss.m_usbevt_handler
                0x0000000020009900        0x4 _build/build-bm68rgb_custom_rev1_THusb/nrfx_power.o
 .bss.nrfx_power_irq_enabled
                0x0000000020009904        0x1 _build/build-bm68rgb_custom_rev1_THusb/nrfx_power.o
                0x0000000020009904                nrfx_power_irq_enabled
 *fill*         0x0000000020009905        0x3 
 .bss._dfu_startup_timer_data
                0x0000000020009908       0x20 _build/build-bm68rgb_custom_rev1_THusb/bootloader.o
 .bss.dfu_startup_packet_received
                0x0000000020009928        0x1 _build/build-bm68rgb_custom_rev1_THusb/bootloader.o
                0x0000000020009928                dfu_startup_packet_received
 *fill*         0x0000000020009929        0x3 
 .bss.m_bootsettings_handle
                0x000000002000992c        0x8 _build/build-bm68rgb_custom_rev1_THusb/bootloader.o
 .bss.m_cancel_timeout_on_usb
                0x0000000020009934        0x1 _build/build-bm68rgb_custom_rev1_THusb/bootloader.o
 .bss.m_update_status
                0x0000000020009935        0x1 _build/build-bm68rgb_custom_rev1_THusb/bootloader.o
 *fill*         0x0000000020009936        0x2 
 .bss.settings.1
                0x0000000020009938       0x1c _build/build-bm68rgb_custom_rev1_THusb/bootloader.o
 .bss.m_data_queue
                0x0000000020009954       0x34 _build/build-bm68rgb_custom_rev1_THusb/dfu_transport_serial.o
 .bss.adv_buf.0
                0x0000000020009988       0x1f _build/build-bm68rgb_custom_rev1_THusb/dfu_transport_ble.o
 *fill*         0x00000000200099a7        0x1 
 .bss.gap_adv.1
                0x00000000200099a8       0x10 _build/build-bm68rgb_custom_rev1_THusb/dfu_transport_ble.o
 .bss.m_ble_peer_data
                0x00000000200099b8       0x3c _build/build-bm68rgb_custom_rev1_THusb/dfu_transport_ble.o
 .bss.m_ble_peer_data_valid
                0x00000000200099f4        0x1 _build/build-bm68rgb_custom_rev1_THusb/dfu_transport_ble.o
 *fill*         0x00000000200099f5        0x3 
 .bss.m_dfu     0x00000000200099f8       0x30 _build/build-bm68rgb_custom_rev1_THusb/dfu_transport_ble.o
 .bss.m_gap_ids
                0x0000000020009a28        0x4 _build/build-bm68rgb_custom_rev1_THusb/dfu_transport_ble.o
 .bss.m_is_advertising
                0x0000000020009a2c        0x1 _build/build-bm68rgb_custom_rev1_THusb/dfu_transport_ble.o
 *fill*         0x0000000020009a2d        0x3 
 .bss.m_num_of_firmware_bytes_rcvd
                0x0000000020009a30        0x4 _build/build-bm68rgb_custom_rev1_THusb/dfu_transport_ble.o
 .bss.m_pkt_notif_target
                0x0000000020009a34        0x2 _build/build-bm68rgb_custom_rev1_THusb/dfu_transport_ble.o
 .bss.m_pkt_notif_target_cnt
                0x0000000020009a36        0x2 _build/build-bm68rgb_custom_rev1_THusb/dfu_transport_ble.o
 .bss.m_pkt_rcpt_notif_enabled
                0x0000000020009a38        0x1 _build/build-bm68rgb_custom_rev1_THusb/dfu_transport_ble.o
 .bss.m_pkt_type
                0x0000000020009a39        0x1 _build/build-bm68rgb_custom_rev1_THusb/dfu_transport_ble.o
 .bss.m_sec_params
                0x0000000020009a3a        0x5 _build/build-bm68rgb_custom_rev1_THusb/dfu_transport_ble.o
 .bss.m_tear_down_in_progress
                0x0000000020009a3f        0x1 _build/build-bm68rgb_custom_rev1_THusb/dfu_transport_ble.o
 .bss.m_update_mode
                0x0000000020009a40        0x1 _build/build-bm68rgb_custom_rev1_THusb/dfu_transport_ble.o
 *fill*         0x0000000020009a41        0x3 
 .bss.m_whitelist
                0x0000000020009a44        0x4 _build/build-bm68rgb_custom_rev1_THusb/dfu_transport_ble.o
 .bss.mp_final_packet
                0x0000000020009a48        0x4 _build/build-bm68rgb_custom_rev1_THusb/dfu_transport_ble.o
 .bss.mp_rx_buffer
                0x0000000020009a4c        0x4 _build/build-bm68rgb_custom_rev1_THusb/dfu_transport_ble.o
 .bss.m_data_pkt_cb
                0x0000000020009a50        0x4 _build/build-bm68rgb_custom_rev1_THusb/dfu_single_bank.o
 .bss.m_data_received
                0x0000000020009a54        0x4 _build/build-bm68rgb_custom_rev1_THusb/dfu_single_bank.o
 .bss.m_dfu_state
                0x0000000020009a58        0x1 _build/build-bm68rgb_custom_rev1_THusb/dfu_single_bank.o
 *fill*         0x0000000020009a59        0x3 
 .bss.m_functions
                0x0000000020009a5c        0xc _build/build-bm68rgb_custom_rev1_THusb/dfu_single_bank.o
 .bss.m_image_crc
                0x0000000020009a68        0x2 _build/build-bm68rgb_custom_rev1_THusb/dfu_single_bank.o
 *fill*         0x0000000020009a6a        0x2 
 .bss.m_image_size
                0x0000000020009a6c        0x4 _build/build-bm68rgb_custom_rev1_THusb/dfu_single_bank.o
 .bss.m_init_packet
                0x0000000020009a70       0x40 _build/build-bm68rgb_custom_rev1_THusb/dfu_single_bank.o
 .bss.m_init_packet_length
                0x0000000020009ab0        0x1 _build/build-bm68rgb_custom_rev1_THusb/dfu_single_bank.o
 *fill*         0x0000000020009ab1        0x3 
 .bss.m_start_packet
                0x0000000020009ab4       0x10 _build/build-bm68rgb_custom_rev1_THusb/dfu_single_bank.o
 .bss.m_storage_handle_app
                0x0000000020009ac4        0x8 _build/build-bm68rgb_custom_rev1_THusb/dfu_single_bank.o
 .bss.mp_storage_handle_active
                0x0000000020009acc        0x4 _build/build-bm68rgb_custom_rev1_THusb/dfu_single_bank.o
 .bss.m_is_dfu_service_initialized
                0x0000000020009ad0        0x1 _build/build-bm68rgb_custom_rev1_THusb/ble_dfu.o
 .bss.m_notif_buffer
                0x0000000020009ad1        0x7 _build/build-bm68rgb_custom_rev1_THusb/ble_dfu.o
 .bss.fw_rev_handles
                0x0000000020009ad8        0x8 _build/build-bm68rgb_custom_rev1_THusb/ble_dis.o
 .bss.manufact_name_handles
                0x0000000020009ae0        0x8 _build/build-bm68rgb_custom_rev1_THusb/ble_dis.o
 .bss.model_num_handles
                0x0000000020009ae8        0x8 _build/build-bm68rgb_custom_rev1_THusb/ble_dis.o
 .bss.pnp_id_handles
                0x0000000020009af0        0x8 _build/build-bm68rgb_custom_rev1_THusb/ble_dis.o
 .bss.service_handle
                0x0000000020009af8        0x2 _build/build-bm68rgb_custom_rev1_THusb/ble_dis.o
 *fill*         0x0000000020009afa        0x2 
 .bss.m_app_table
                0x0000000020009afc       0x10 _build/build-bm68rgb_custom_rev1_THusb/pstorage_raw.o
 .bss.m_cmd_queue
                0x0000000020009b0c       0xf4 _build/build-bm68rgb_custom_rev1_THusb/pstorage_raw.o
 .bss.m_next_app_instance
                0x0000000020009c00        0x4 _build/build-bm68rgb_custom_rev1_THusb/pstorage_raw.o
 .bss.m_round_val
                0x0000000020009c04        0x4 _build/build-bm68rgb_custom_rev1_THusb/pstorage_raw.o
 .bss.m_op_queue
                0x0000000020009c08      0x10c _build/build-bm68rgb_custom_rev1_THusb/app_timer.o
 .bss.m_rtc1_reset
                0x0000000020009d14        0x1 _build/build-bm68rgb_custom_rev1_THusb/app_timer.o
 .bss.m_rtc1_running
                0x0000000020009d15        0x1 _build/build-bm68rgb_custom_rev1_THusb/app_timer.o
 *fill*         0x0000000020009d16        0x2 
 .bss.m_ticks_elapsed
                0x0000000020009d18        0x8 _build/build-bm68rgb_custom_rev1_THusb/app_timer.o
 .bss.m_ticks_elapsed_q_read_ind
                0x0000000020009d20        0x1 _build/build-bm68rgb_custom_rev1_THusb/app_timer.o
 .bss.m_ticks_elapsed_q_write_ind
                0x0000000020009d21        0x1 _build/build-bm68rgb_custom_rev1_THusb/app_timer.o
 *fill*         0x0000000020009d22        0x2 
 .bss.m_ticks_latest
                0x0000000020009d24        0x4 _build/build-bm68rgb_custom_rev1_THusb/app_timer.o
 .bss.mp_timer_id_head
                0x0000000020009d28        0x4 _build/build-bm68rgb_custom_rev1_THusb/app_timer.o
 .bss.m_queue_end_index
                0x0000000020009d2c        0x1 _build/build-bm68rgb_custom_rev1_THusb/app_scheduler.o
 *fill*         0x0000000020009d2d        0x3 
 .bss.m_queue_event_data
                0x0000000020009d30        0x4 _build/build-bm68rgb_custom_rev1_THusb/app_scheduler.o
 .bss.m_queue_event_headers
                0x0000000020009d34        0x4 _build/build-bm68rgb_custom_rev1_THusb/app_scheduler.o
 .bss.m_queue_event_size
                0x0000000020009d38        0x2 _build/build-bm68rgb_custom_rev1_THusb/app_scheduler.o
 .bss.m_queue_size
                0x0000000020009d3a        0x2 _build/build-bm68rgb_custom_rev1_THusb/app_scheduler.o
 .bss.m_queue_start_index
                0x0000000020009d3c        0x1 _build/build-bm68rgb_custom_rev1_THusb/app_scheduler.o
 *fill*         0x0000000020009d3d        0x3 
 .bss.nrf_nvic_state
                0x0000000020009d40        0xc _build/build-bm68rgb_custom_rev1_THusb/app_util_platform.o
                0x0000000020009d40                nrf_nvic_state
 .bss.m_is_tx_allocated
                0x0000000020009d4c        0x1 _build/build-bm68rgb_custom_rev1_THusb/hci_mem_pool.o
 *fill*         0x0000000020009d4d        0x3 
 .bss.m_rx_buffer_elem_queue
                0x0000000020009d50     0x12e0 _build/build-bm68rgb_custom_rev1_THusb/hci_mem_pool.o
 .bss.m_rx_buffer_queue
                0x000000002000b030       0x1c _build/build-bm68rgb_custom_rev1_THusb/hci_mem_pool.o
 .bss.m_current_state
                0x000000002000b04c        0x1 _build/build-bm68rgb_custom_rev1_THusb/hci_slip.o
 *fill*         0x000000002000b04d        0x3 
 .bss.m_rx_buffer_length
                0x000000002000b050        0x4 _build/build-bm68rgb_custom_rev1_THusb/hci_slip.o
 .bss.m_rx_received_count
                0x000000002000b054        0x4 _build/build-bm68rgb_custom_rev1_THusb/hci_slip.o
 .bss.m_slip_event_handler
                0x000000002000b058        0x4 _build/build-bm68rgb_custom_rev1_THusb/hci_slip.o
 .bss.m_tx_buffer_index
                0x000000002000b05c        0x4 _build/build-bm68rgb_custom_rev1_THusb/hci_slip.o
 .bss.m_tx_buffer_length
                0x000000002000b060        0x4 _build/build-bm68rgb_custom_rev1_THusb/hci_slip.o
 .bss.mp_rx_buffer
                0x000000002000b064        0x4 _build/build-bm68rgb_custom_rev1_THusb/hci_slip.o
 .bss.mp_tx_buffer
                0x000000002000b068        0x4 _build/build-bm68rgb_custom_rev1_THusb/hci_slip.o
 .bss.ack_packet.0
                0x000000002000b06c        0x4 _build/build-bm68rgb_custom_rev1_THusb/hci_transport.o
 .bss.m_app_timer_id_data
                0x000000002000b070       0x20 _build/build-bm68rgb_custom_rev1_THusb/hci_transport.o
 .bss.m_is_slip_decode_ready
                0x000000002000b090        0x1 _build/build-bm68rgb_custom_rev1_THusb/hci_transport.o
 *fill*         0x000000002000b091        0x3 
 .bss.m_packet_expected_seq_number
                0x000000002000b094        0x4 _build/build-bm68rgb_custom_rev1_THusb/hci_transport.o
 .bss.m_packet_transmit_seq_number
                0x000000002000b098        0x4 _build/build-bm68rgb_custom_rev1_THusb/hci_transport.o
 .bss.m_rx_ack_buffer
                0x000000002000b09c        0x5 _build/build-bm68rgb_custom_rev1_THusb/hci_transport.o
 *fill*         0x000000002000b0a1        0x3 
 .bss.m_transport_event_handle
                0x000000002000b0a4        0x4 _build/build-bm68rgb_custom_rev1_THusb/hci_transport.o
 .bss.m_transport_tx_done_handle
                0x000000002000b0a8        0x4 _build/build-bm68rgb_custom_rev1_THusb/hci_transport.o
 .bss.m_tx_buffer_length
                0x000000002000b0ac        0x4 _build/build-bm68rgb_custom_rev1_THusb/hci_transport.o
 .bss.m_tx_done_result_code
                0x000000002000b0b0        0x1 _build/build-bm68rgb_custom_rev1_THusb/hci_transport.o
 *fill*         0x000000002000b0b1        0x3 
 .bss.m_tx_retry_counter
                0x000000002000b0b4        0x4 _build/build-bm68rgb_custom_rev1_THusb/hci_transport.o
 .bss.m_tx_state
                0x000000002000b0b8        0x1 _build/build-bm68rgb_custom_rev1_THusb/hci_transport.o
 *fill*         0x000000002000b0b9        0x3 
 .bss.mp_slip_used_rx_buffer
                0x000000002000b0bc        0x4 _build/build-bm68rgb_custom_rev1_THusb/hci_transport.o
 .bss.mp_tx_buffer
                0x000000002000b0c0        0x4 _build/build-bm68rgb_custom_rev1_THusb/hci_transport.o
 .bss._wr_state
                0x000000002000b0c4      0x21c _build/build-bm68rgb_custom_rev1_THusb/msc_uf2.o
 .bss._cdc_only
                0x000000002000b2e0        0x1 _build/build-bm68rgb_custom_rev1_THusb/usb_desc.o
 *fill*         0x000000002000b2e1        0x1 
 .bss._desc_str
                0x000000002000b2e2       0x82 _build/build-bm68rgb_custom_rev1_THusb/usb_desc.o
 .bss.desc_str_serial
                0x000000002000b364       0x11 _build/build-bm68rgb_custom_rev1_THusb/usb_desc.o
 *fill*         0x000000002000b375        0x3 
 .bss._dcd      0x000000002000b378       0xdc _build/build-bm68rgb_custom_rev1_THusb/dcd_nrf5x.o
 .bss._app_driver
                0x000000002000b454        0x4 _build/build-bm68rgb_custom_rev1_THusb/usbd.o
 .bss._app_driver_count
                0x000000002000b458        0x1 _build/build-bm68rgb_custom_rev1_THusb/usbd.o
 .bss._usbd_dev
                0x000000002000b459       0x37 _build/build-bm68rgb_custom_rev1_THusb/usbd.o
 .bss._usbd_initialized
                0x000000002000b490        0x1 _build/build-bm68rgb_custom_rev1_THusb/usbd.o
 *fill*         0x000000002000b491        0x3 
 .bss._usbd_q   0x000000002000b494        0x4 _build/build-bm68rgb_custom_rev1_THusb/usbd.o
 .bss._usbd_qdef_buf
                0x000000002000b498       0xc0 _build/build-bm68rgb_custom_rev1_THusb/usbd.o
                0x000000002000b498                _usbd_qdef_buf
 .bss._ctrl_xfer
                0x000000002000b558       0x14 _build/build-bm68rgb_custom_rev1_THusb/usbd_control.o
 .bss._usbd_ctrl_buf
                0x000000002000b56c       0x40 _build/build-bm68rgb_custom_rev1_THusb/usbd_control.o
 .bss._cdcd_itf
                0x000000002000b5ac      0x8b8 _build/build-bm68rgb_custom_rev1_THusb/cdc_device.o
 .bss._mscd_buf