lib/tinyusb/src/common/tusb_fifo.c:321:17:advance_pointer	0	static
lib/tinyusb/src/common/tusb_fifo.c:396:20:_tu_fifo_correct_read_pointer	8	static
lib/tinyusb/src/common/tusb_fifo.c:126:13:_ff_pull_const_addr	16	static
lib/tinyusb/src/common/tusb_fifo.c:427:17:_tu_fifo_peek_n	48	static
lib/tinyusb/src/common/tusb_fifo.c:103:13:_ff_push_const_addr	16	static
lib/tinyusb/src/common/tusb_fifo.c:403:13:_tu_fifo_peek	16	static
lib/tinyusb/src/common/tusb_fifo.c:459:17:_tu_fifo_write_n.part.0	48	static
lib/tinyusb/src/common/tusb_fifo.c:67:6:tu_fifo_config	0	static
lib/tinyusb/src/common/tusb_fifo.c:528:10:tu_fifo_count	0	static
lib/tinyusb/src/common/tusb_fifo.c:546:6:tu_fifo_empty	0	static
lib/tinyusb/src/common/tusb_fifo.c:564:6:tu_fifo_full	0	static
lib/tinyusb/src/common/tusb_fifo.c:582:10:tu_fifo_remaining	8	static
lib/tinyusb/src/common/tusb_fifo.c:608:6:tu_fifo_overflowed	0	static
lib/tinyusb/src/common/tusb_fifo.c:614:6:tu_fifo_correct_read_pointer	0	static
lib/tinyusb/src/common/tusb_fifo.c:637:6:tu_fifo_read	16	static
lib/tinyusb/src/common/tusb_fifo.c:668:10:tu_fifo_read_n	24	static
lib/tinyusb/src/common/tusb_fifo.c:673:10:tu_fifo_read_n_const_addr_full_words	24	static
lib/tinyusb/src/common/tusb_fifo.c:693:6:tu_fifo_peek	0	static
lib/tinyusb/src/common/tusb_fifo.c:716:10:tu_fifo_peek_n	24	static
lib/tinyusb/src/common/tusb_fifo.c:740:6:tu_fifo_write	16	static
lib/tinyusb/src/common/tusb_fifo.c:775:10:tu_fifo_write_n	0	static
lib/tinyusb/src/common/tusb_fifo.c:795:10:tu_fifo_write_n_const_addr_full_words	0	static
lib/tinyusb/src/common/tusb_fifo.c:808:6:tu_fifo_clear	0	static
lib/tinyusb/src/common/tusb_fifo.c:832:6:tu_fifo_set_overwritable	0	static
lib/tinyusb/src/common/tusb_fifo.c:861:6:tu_fifo_advance_write_pointer	8	static
lib/tinyusb/src/common/tusb_fifo.c:882:6:tu_fifo_advance_read_pointer	8	static
lib/tinyusb/src/common/tusb_fifo.c:902:6:tu_fifo_get_read_info	16	static
lib/tinyusb/src/common/tusb_fifo.c:966:6:tu_fifo_get_write_info	16	static
